Microchip MPLAB XC8 Compiler V2.40

Linker command line:

-W-3 \
  --edf=C:\Program Files\Microchip\xc8\v2.40\pic\dat\20220703182018_en.msgs \
  -cn -h+dist/default/production\CONTROL-SHAKER.production.sym \
  --cmf=dist/default/production\CONTROL-SHAKER.production.cmf -z -Q18F4550 \
  -oC:\Users\ASUS\AppData\Local\Temp\xcAsh2g.4 --defsym=__MPLAB_BUILD=1 \
  --fixupoverflow=error \
  -Mdist/default/production/CONTROL-SHAKER.production.map \
  --md=C:\Users\ASUS\AppData\Local\Temp\xcAsh2g.dat -E1 -ver=XC8 Compiler \
  --acfsm=1493 -ACODE=00h-07FFFh -ACONST=00h-07FFFh \
  -ASMALLCONST=0800h-08FFhx120 -AMEDIUMCONST=0800h-07FFFh -ACOMRAM=01h-05Fh \
  -AABS1=00h-07FFh -ABIGRAM=01h-07FFh -ARAM=060h-0FFh,0100h-01FFhx7 \
  -ABANK0=060h-0FFh -ABANK1=0100h-01FFh -ABANK2=0200h-02FFh \
  -ABANK3=0300h-03FFh -ABANK4=0400h-04FFh -ABANK5=0500h-05FFh \
  -ABANK6=0600h-06FFh -ABANK7=0700h-07FFh -ASFR=0F60h-0FFFh \
  -ABIGSFR=0F60h-0FFFh -ACONFIG=0300000h-030000Dh -AIDLOC=0200000h-0200007h \
  -AEEDATA=0F00000h-0F000FFh -peeprom_data=EEDATA \
  -preset_vec=00h,intcode=08h,intcodelo,powerup,init -pramtop=0800h \
  -psmallconst=SMALLCONST -pmediumconst=MEDIUMCONST -pconst=CONST \
  -AFARRAM=00h-00h \
  -prdata=COMRAM,nvrram=COMRAM,nvbit=COMRAM,rbss=COMRAM,rbit=COMRAM \
  -pfarbss=FARRAM,fardata=FARRAM,nvFARRAM=FARRAM \
  -pintsave_regs=BIGRAM,bigbss=BIGRAM,bigdata=BIGRAM -pbss=RAM \
  -pidata=CODE,irdata=CODE,ibigdata=CODE,ifardata=CODE -prparam=COMRAM \
  C:\Users\ASUS\AppData\Local\Temp\xcAsh2g.o \
  dist/default/production\CONTROL-SHAKER.production.o 

Object code version is 3.11

Machine type is 18F4550



                Name                               Link     Load   Length Selector   Space Scale
C:\Users\ASUS\AppData\Local\Temp\xcAsh2g.o
                idloc                            200000   200000        8        0       5
                config                           300000   300000        E        0       4
                init                                  E        E        4        4       0
                reset_vec                             0        0        4        0       0
dist/default/production\CONTROL-SHAKER.production.o
                intcode                               8        8        6        4       0
                idloc                            200000   200000        8        0       5
                config                           300000   300000        E        0       4
                temp                                 5F       5F        1        1       1
                mediumconst                        7EF4     7EF4      10C     3F7A       0
                text55                             4352     4352        4        4       0
                text54                             4252     4252       2C        4       0
                text53                             4226     4226       2C        4       0
                text52                             434E     434E        4        4       0
                text51                             1466     1466      39A        4       0
                text50                             397E     397E      106        4       0
                text49                             42A6     42A6       26        4       0
                text48                             2EEC     2EEC      1B4        4       0
                text47                             3D52     3D52       9A        4       0
                text46                             434A     434A        4        4       0
                text45                             4346     4346        4        4       0
                intcode_body                        900      900      3FA        4       0
                text43                             42CC     42CC       1C        4       0
                text42                             363E     363E      132        4       0
                text41                             3C00     3C00       B0        4       0
                text40                               12       12      4C2        4       0
                text39                             10CA     10CA      39C        4       0
                text38                              4D4      4D4      42C        4       0
                text37                             3770     3770      108        4       0
                text36                             2D34     2D34      1B8        4       0
                text35                             28C4     28C4      23C        4       0
                text34                             4330     4330        E        4       0
                text33                             3F06     3F06       72        4       0
                text32                             4320     4320       10        4       0
                text31                             430E     430E       12        4       0
                text30                             42FC     42FC       12        4       0
                text29                             3E7C     3E7C       8A        4       0
                text28                             3F78     3F78       70        4       0
                text27                             427E     427E       28        4       0
                text26                             3CB0     3CB0       A2        4       0
                text25                             4342     4342        4        4       0
                text24                             3878     3878      106        4       0
                text23                             416E     416E       48        4       0
                text22                             1B1E     1B1E      302        4       0
                text21                             41F8     41F8       2E        4       0
                text20                             4126     4126       48        4       0
                text19                             34F0     34F0      14E        4       0
                text18                             30A0     30A0      18A        4       0
                text17                             322A     322A      166        4       0
                text16                             41B6     41B6       42        4       0
                text15                             4356     4356        2        4       0
                text14                             3A84     3A84       CC        4       0
                text13                             40DE     40DE       48        4       0
                text12                             3B50     3B50       B0        4       0
                text11                             20E6     20E6      2BA        4       0
                text10                             23A0     23A0      2A0        4       0
                text9                              408C     408C       52        4       0
                text8                              403A     403A       52        4       0
                text7                              433E     433E        4        4       0
                text6                              1E20     1E20      2C6        4       0
                text5                               CFA      CFA      3D0        4       0
                text4                              2640     2640      284        4       0
                text3                              3DEC     3DEC       90        4       0
                text2                              1800     1800      31E        4       0
                text1                              3390     3390      160        4       0
                text0                              2B00     2B00      234        4       0
                cstackCOMRAM                          1        1       44        1       1
                cstackBANK0                          60       60       7B       60       1
                dataBANK1                           130      130       14      100       1
                bssBANK1                            100      100       30      100       1
                bssBANK0                             DB       DB       20       60       1
                bssCOMRAM                            45       45       1A        1       1
                cinit                              3FE8     3FE8       52        4       0
                nvBANK0                              FB       FB        2       60       1
                idataBANK1                         42E8     42E8       14        4       0

TOTAL           Name                               Link     Load   Length     Space
        CLASS   CODE           
                intcode                               8        8        6         0
                init                                  E        E        4         0
                reset_vec                             0        0        4         0
                text55                             4352     4352        4         0
                text54                             4252     4252       2C         0
                text53                             4226     4226       2C         0
                text52                             434E     434E        4         0
                text51                             1466     1466      39A         0
                text50                             397E     397E      106         0
                text49                             42A6     42A6       26         0
                text48                             2EEC     2EEC      1B4         0
                text47                             3D52     3D52       9A         0
                text46                             434A     434A        4         0
                text45                             4346     4346        4         0
                intcode_body                        900      900      3FA         0
                text43                             42CC     42CC       1C         0
                text42                             363E     363E      132         0
                text41                             3C00     3C00       B0         0
                text40                               12       12      4C2         0
                text39                             10CA     10CA      39C         0
                text38                              4D4      4D4      42C         0
                text37                             3770     3770      108         0
                text36                             2D34     2D34      1B8         0
                text35                             28C4     28C4      23C         0
                text34                             4330     4330        E         0
                text33                             3F06     3F06       72         0
                text32                             4320     4320       10         0
                text31                             430E     430E       12         0
                text30                             42FC     42FC       12         0
                text29                             3E7C     3E7C       8A         0
                text28                             3F78     3F78       70         0
                text27                             427E     427E       28         0
                text26                             3CB0     3CB0       A2         0
                text25                             4342     4342        4         0
                text24                             3878     3878      106         0
                text23                             416E     416E       48         0
                text22                             1B1E     1B1E      302         0
                text21                             41F8     41F8       2E         0
                text20                             4126     4126       48         0
                text19                             34F0     34F0      14E         0
                text18                             30A0     30A0      18A         0
                text17                             322A     322A      166         0
                text16                             41B6     41B6       42         0
                text15                             4356     4356        2         0
                text14                             3A84     3A84       CC         0
                text13                             40DE     40DE       48         0
                text12                             3B50     3B50       B0         0
                text11                             20E6     20E6      2BA         0
                text10                             23A0     23A0      2A0         0
                text9                              408C     408C       52         0
                text8                              403A     403A       52         0
                text7                              433E     433E        4         0
                text6                              1E20     1E20      2C6         0
                text5                               CFA      CFA      3D0         0
                text4                              2640     2640      284         0
                text3                              3DEC     3DEC       90         0
                text2                              1800     1800      31E         0
                text1                              3390     3390      160         0
                text0                              2B00     2B00      234         0
                cinit                              3FE8     3FE8       52         0
                idataBANK1                         42E8     42E8       14         0

        CLASS   CONST          

        CLASS   SMALLCONST     

        CLASS   MEDIUMCONST    
                mediumconst                        7EF4     7EF4      10C         0

        CLASS   COMRAM         
                temp                                 5F       5F        1         1
                cstackCOMRAM                          1        1       44         1
                bssCOMRAM                            45       45       1A         1

        CLASS   ABS1           

        CLASS   BIGRAM         

        CLASS   RAM            

        CLASS   BANK0          
                cstackBANK0                          60       60       7B         1
                bssBANK0                             DB       DB       20         1
                nvBANK0                              FB       FB        2         1

        CLASS   BANK1          
                dataBANK1                           130      130       14         1
                bssBANK1                            100      100       30         1

        CLASS   BANK2          

        CLASS   BANK3          

        CLASS   BANK4          

        CLASS   BANK5          

        CLASS   BANK6          

        CLASS   BANK7          

        CLASS   SFR            

        CLASS   BIGSFR         

        CLASS   CONFIG         
                config                           300000   300000        E         4

        CLASS   IDLOC          
                idloc                            200000   200000        8         5

        CLASS   EEDATA         

        CLASS   FARRAM         

        CLASS   HEAP           

        CLASS   STACK          



SEGMENTS        Name                           Load    Length   Top    Selector   Space  Class

                reset_vec                      000000  000004  000004         0       0  CODE    
                cstackCOMRAM                   000001  00005F  000060         1       1  COMRAM  
                intcode                        000008  004350  004358         4       0  CODE    
                cstackBANK0                    000060  00009D  0000FD        60       1  BANK0   
                bssBANK1                       000100  000044  000144       100       1  BANK1   
                mediumconst                    007EF4  00010C  008000      3F7A       0  MEDIUMCO


UNUSED ADDRESS RANGES

        Name                Unused          Largest block    Delta
        BANK0            0000FD-0000FF                3
        BANK1            000144-0001FF               BC
        BANK2            000200-0002FF              100
        BANK3            000300-0003FF              100
        BANK4            000400-0004FF              100
        BANK5            000500-0005FF              100
        BANK6            000600-0006FF              100
        BANK7            000700-0007FF              100
        BIGRAM           0000FD-0000FF                3
                         000144-0007FF              6BC
        BIGSFR           000F60-000FFF               A0
        CODE             000004-000007                4
                         004358-007EF3             3B9C
        CONST            000004-000007                4
                         004358-007EF3             3B9C
        EEDATA           F00000-F000FF              100
        MEDIUMCONST      004358-007EF3             3B9C
        RAM              0000FD-0000FF                3
                         000144-0007FF              100
        SFR              000F60-000FFF               A0
        SMALLCONST       004358-007EF3              100

                                  Symbol Table

?___aodiv                                cstackBANK0  000060
?___aomod                                cstackBANK0  000060
?___fladd                                cstackBANK0  00008D
?___fldiv                                cstackBANK0  0000A5
?___flmul                                cstackBANK0  000074
?___flsub                                cstackBANK0  00009D
?___fltol                                cstackBANK0  0000BE
?___wmul                                 cstackBANK0  000060
?___xxtofl                               cstackBANK0  000066
?_abs                                    cstackBANK0  000072
?_atoi                                   cstackBANK0  000066
?_isdigit                                cstackBANK0  000060
?_isspace                                cstackBANK0  000060
?_leer_rpm                               cstackBANK0  000062
?_sprintf                                cstackBANK0  0000BB
?_vfprintf                               cstackBANK0  0000B3
?i2___fldiv                              cstackCOMRAM 000015
?i2___fltol                              cstackCOMRAM 00002E
?i2___wmul                               cstackCOMRAM 000001
?i2___xxtofl                             cstackCOMRAM 000007
EEPROM_Guardar@data                      cstackCOMRAM 000003
EEPROM_Guardar@dir                       cstackCOMRAM 000001
EEPROM_Lectura@dir                       cstackBANK0  000060
LCD_Chr_Cp@letra                         cstackBANK0  000063
LCD_Cmd@cmd                              cstackBANK0  000063
LCD_Out@column                           cstackBANK0  000068
LCD_Out@row                              cstackBANK0  00006B
LCD_Out@text                             cstackBANK0  000069
LCD_XY@column                            cstackBANK0  000064
LCD_XY@row                               cstackBANK0  000067
PWM_Duty@ciclo_t                         cstackBANK0  0000CA
PWM_Duty@nuevoclico                      cstackBANK0  0000CB
PWM_Init@Tosc                            cstackBANK0  0000D5
PWM_Init@Tpwm                            cstackBANK0  0000D1
PWM_Init@f_trabajo                       cstackBANK0  0000C8
PWM_Init@pre_config                      cstackBANK0  0000CA
PWM_Init@press                           cstackBANK0  0000D9
_ADCON1                                  (abs)        000FC1
_CCP1CONbits                             (abs)        000FBD
_CCPR1L                                  (abs)        000FBE
_EEADR                                   (abs)        000FA9
_EECON1bits                              (abs)        000FA6
_EECON2                                  (abs)        000FA7
_EEDATA                                  (abs)        000FA8
_EEPROM_Guardar                          text54       004252
_EEPROM_Lectura                          text34       004330
_INTCON2bits                             (abs)        000FF1
_INTCON3bits                             (abs)        000FF0
_INTCONbits                              (abs)        000FF2
_INTERRUPTS                              intcode      000008
_INTERRUPTS_CONFIG                       text43       0042CC
_LATCbits                                (abs)        000F8B
_LATDbits                                (abs)        000F8C
_LCD_Chr_Cp                              text31       00430E
_LCD_Cmd                                 text30       0042FC
_LCD_Init                                text41       003C00
_LCD_Out                                 text28       003F78
_LCD_XY                                  text29       003E7C
_PIE1bits                                (abs)        000F9D
_PIR1bits                                (abs)        000F9E
_PIR2bits                                (abs)        000FA1
_PORTBbits                               (abs)        000F81
_PR2                                     (abs)        000FCB
_PV_RPM                                  bssBANK0     0000F1
_PWM_Duty                                text26       003CB0
_PWM_Init                                text35       0028C4
_PWM_Init$1976                           cstackBANK0  0000CD
_PWM_Start                               text55       004352
_PWM_Stop                                text25       004342
_T0CON                                   (abs)        000FD5
_T0CONbits                               (abs)        000FD5
_T2CON                                   (abs)        000FCA
_T2CONbits                               (abs)        000FCA
_TMR0H                                   (abs)        000FD7
_TMR0IE                                  (abs)        007F95
_TMR0IF                                  (abs)        007F92
_TMR0L                                   (abs)        000FD6
_TMR2                                    (abs)        000FCC
_TRISB                                   (abs)        000F93
_TRISCbits                               (abs)        000F94
_TRISDbits                               (abs)        000F95
__HRAM                                   (abs)        000000
__Habs1                                  abs1         000000
__Hbank0                                 bank0        000000
__Hbank1                                 bank1        000000
__Hbank2                                 bank2        000000
__Hbank3                                 bank3        000000
__Hbank4                                 bank4        000000
__Hbank5                                 bank5        000000
__Hbank6                                 bank6        000000
__Hbank7                                 bank7        000000
__Hbigbss                                bigbss       000000
__Hbigdata                               bigdata      000000
__Hbigram                                bigram       000000
__Hbigsfr                                bigsfr       000000
__Hbss                                   bss          000000
__HbssBANK0                              bssBANK0     000000
__HbssBANK1                              bssBANK1     000000
__HbssCOMRAM                             bssCOMRAM    000000
__Hcinit                                 cinit        000000
__Hclrtext                               clrtext      000000
__Hcomram                                comram       000000
__Hconfig                                config       30000E
__Hconst                                 const        000000
__HcstackBANK0                           cstackBANK0  000000
__HcstackCOMRAM                          cstackCOMRAM 000000
__Hdata                                  data         000000
__HdataBANK1                             dataBANK1    000000
__Heeprom_data                           eeprom_data  000000
__Hfarbss                                farbss       000000
__Hfardata                               fardata      000000
__Hheap                                  heap         000000
__Hibigdata                              ibigdata     000000
__Hidata                                 idata        000000
__HidataBANK1                            idataBANK1   000000
__Hidloc                                 idloc        200008
__Hifardata                              ifardata     000000
__Hinit                                  init         000012
__Hintcode                               intcode      00000E
__Hintcode_body                          intcode_body 000000
__Hintcodelo                             intcodelo    00000E
__Hintentry                              intentry     000000
__Hintret                                intret       000000
__Hintsave_regs                          intsave_regs 000000
__Hirdata                                irdata       000000
__Hmediumconst                           mediumconst  008000
__HnvBANK0                               nvBANK0      000000
__HnvFARRAM                              nvFARRAM     000000
__Hnvbit                                 nvbit        000000
__Hnvrram                                nvrram       000000
__Hparam                                 rparam       000000
__Hpowerup                               powerup      00000E
__Hram                                   ram          000000
__Hramtop                                ramtop       000800
__Hrbit                                  rbit         000000
__Hrbss                                  rbss         000000
__Hrdata                                 rdata        000000
__Hreset_vec                             reset_vec    000004
__Hrparam                                rparam       000000
__Hsfr                                   sfr          000000
__Hsmallconst                            smallconst   000000
__Hspace_0                               (abs)        008000
__Hspace_1                               (abs)        000144
__Hspace_2                               (abs)        000000
__Hspace_4                               (abs)        60000E
__Hstack                                 stack        000000
__Hstruct                                struct       000000
__Htemp                                  temp         000060
__Htext                                  text         000000
__Htext0                                 text0        000000
__Htext1                                 text1        000000
__Htext10                                text10       000000
__Htext11                                text11       000000
__Htext12                                text12       000000
__Htext13                                text13       000000
__Htext14                                text14       000000
__Htext15                                text15       000000
__Htext16                                text16       000000
__Htext17                                text17       000000
__Htext18                                text18       000000
__Htext19                                text19       000000
__Htext2                                 text2        000000
__Htext20                                text20       000000
__Htext21                                text21       000000
__Htext22                                text22       000000
__Htext23                                text23       000000
__Htext24                                text24       000000
__Htext25                                text25       000000
__Htext26                                text26       000000
__Htext27                                text27       000000
__Htext28                                text28       000000
__Htext29                                text29       000000
__Htext3                                 text3        000000
__Htext30                                text30       000000
__Htext31                                text31       000000
__Htext32                                text32       000000
__Htext33                                text33       000000
__Htext34                                text34       000000
__Htext35                                text35       000000
__Htext36                                text36       000000
__Htext37                                text37       000000
__Htext38                                text38       000000
__Htext39                                text39       000000
__Htext4                                 text4        000000
__Htext40                                text40       000000
__Htext41                                text41       000000
__Htext42                                text42       000000
__Htext43                                text43       000000
__Htext45                                text45       000000
__Htext46                                text46       000000
__Htext47                                text47       000000
__Htext48                                text48       000000
__Htext49                                text49       000000
__Htext5                                 text5        000000
__Htext50                                text50       000000
__Htext51                                text51       000000
__Htext52                                text52       000000
__Htext53                                text53       000000
__Htext54                                text54       000000
__Htext55                                text55       000000
__Htext6                                 text6        000000
__Htext7                                 text7        000000
__Htext8                                 text8        000000
__Htext9                                 text9        000000
__LRAM                                   (abs)        000001
__Labs1                                  abs1         000000
__Lbank0                                 bank0        000000
__Lbank1                                 bank1        000000
__Lbank2                                 bank2        000000
__Lbank3                                 bank3        000000
__Lbank4                                 bank4        000000
__Lbank5                                 bank5        000000
__Lbank6                                 bank6        000000
__Lbank7                                 bank7        000000
__Lbigbss                                bigbss       000000
__Lbigdata                               bigdata      000000
__Lbigram                                bigram       000000
__Lbigsfr                                bigsfr       000000
__Lbss                                   bss          000000
__LbssBANK0                              bssBANK0     000000
__LbssBANK1                              bssBANK1     000000
__LbssCOMRAM                             bssCOMRAM    000000
__Lcinit                                 cinit        000000
__Lclrtext                               clrtext      000000
__Lcomram                                comram       000000
__Lconfig                                config       000000
__Lconst                                 const        000000
__LcstackBANK0                           cstackBANK0  000000
__LcstackCOMRAM                          cstackCOMRAM 000000
__Ldata                                  data         000000
__LdataBANK1                             dataBANK1    000000
__Leeprom_data                           eeprom_data  000000
__Lfarbss                                farbss       000000
__Lfardata                               fardata      000000
__Lheap                                  heap         000000
__Libigdata                              ibigdata     000000
__Lidata                                 idata        000000
__LidataBANK1                            idataBANK1   000000
__Lidloc                                 idloc        000000
__Lifardata                              ifardata     000000
__Linit                                  init         00000E
__Lintcode                               intcode      000008
__Lintcode_body                          intcode_body 000000
__Lintcodelo                             intcodelo    00000E
__Lintentry                              intentry     000000
__Lintret                                intret       000000
__Lintsave_regs                          intsave_regs 000000
__Lirdata                                irdata       000000
__Lmediumconst                           mediumconst  007EF4
__LnvBANK0                               nvBANK0      000000
__LnvFARRAM                              nvFARRAM     000000
__Lnvbit                                 nvbit        000000
__Lnvrram                                nvrram       000000
__Lparam                                 rparam       000000
__Lpowerup                               powerup      00000E
__Lram                                   ram          000000
__Lramtop                                ramtop       000800
__Lrbit                                  rbit         000000
__Lrbss                                  rbss         000000
__Lrdata                                 rdata        000000
__Lreset_vec                             reset_vec    000000
__Lrparam                                rparam       000000
__Lsfr                                   sfr          000000
__Lsmallconst                            smallconst   000000
__Lspace_0                               (abs)        000000
__Lspace_1                               (abs)        000000
__Lspace_2                               (abs)        000000
__Lspace_4                               (abs)        000000
__Lstack                                 stack        000000
__Lstruct                                struct       000000
__Ltemp                                  temp         00005F
__Ltext                                  text         000000
__Ltext0                                 text0        000000
__Ltext1                                 text1        000000
__Ltext10                                text10       000000
__Ltext11                                text11       000000
__Ltext12                                text12       000000
__Ltext13                                text13       000000
__Ltext14                                text14       000000
__Ltext15                                text15       000000
__Ltext16                                text16       000000
__Ltext17                                text17       000000
__Ltext18                                text18       000000
__Ltext19                                text19       000000
__Ltext2                                 text2        000000
__Ltext20                                text20       000000
__Ltext21                                text21       000000
__Ltext22                                text22       000000
__Ltext23                                text23       000000
__Ltext24                                text24       000000
__Ltext25                                text25       000000
__Ltext26                                text26       000000
__Ltext27                                text27       000000
__Ltext28                                text28       000000
__Ltext29                                text29       000000
__Ltext3                                 text3        000000
__Ltext30                                text30       000000
__Ltext31                                text31       000000
__Ltext32                                text32       000000
__Ltext33                                text33       000000
__Ltext34                                text34       000000
__Ltext35                                text35       000000
__Ltext36                                text36       000000
__Ltext37                                text37       000000
__Ltext38                                text38       000000
__Ltext39                                text39       000000
__Ltext4                                 text4        000000
__Ltext40                                text40       000000
__Ltext41                                text41       000000
__Ltext42                                text42       000000
__Ltext43                                text43       000000
__Ltext45                                text45       000000
__Ltext46                                text46       000000
__Ltext47                                text47       000000
__Ltext48                                text48       000000
__Ltext49                                text49       000000
__Ltext5                                 text5        000000
__Ltext50                                text50       000000
__Ltext51                                text51       000000
__Ltext52                                text52       000000
__Ltext53                                text53       000000
__Ltext54                                text54       000000
__Ltext55                                text55       000000
__Ltext6                                 text6        000000
__Ltext7                                 text7        000000
__Ltext8                                 text8        000000
__Ltext9                                 text9        000000
__S0                                     (abs)        008000
__S1                                     (abs)        000144
__S4                                     (abs)        000000
__S5                                     (abs)        000000
___aodiv                                 text18       0030A0
___aodiv@counter                         cstackBANK0  000070
___aodiv@dividend                        cstackBANK0  000060
___aodiv@divisor                         cstackBANK0  000068
___aodiv@quotient                        cstackBANK0  000072
___aodiv@sign                            cstackBANK0  000071
___aomod                                 text17       00322A
___aomod@counter                         cstackBANK0  000070
___aomod@dividend                        cstackBANK0  000060
___aomod@divisor                         cstackBANK0  000068
___aomod@sign                            cstackBANK0  000071
___fladd                                 text40       000012
___fladd@a                               cstackBANK0  000091
___fladd@aexp                            cstackBANK0  00009A
___fladd@b                               cstackBANK0  00008D
___fladd@bexp                            cstackBANK0  00009B
___fladd@grs                             cstackBANK0  00009C
___fladd@signs                           cstackBANK0  000099
___fldiv                                 text39       0010CA
___fldiv@a                               cstackBANK0  0000A9
___fldiv@aexp                            cstackBANK0  0000BD
___fldiv@b                               cstackBANK0  0000A5
___fldiv@bexp                            cstackBANK0  0000BC
___fldiv@grs                             cstackBANK0  0000B8
___fldiv@new_exp                         cstackBANK0  0000B6
___fldiv@rem                             cstackBANK0  0000B1
___fldiv@sign                            cstackBANK0  0000B5
___flge                                  text24       003878
___flge@ff1                              cstackBANK0  000060
___flge@ff2                              cstackBANK0  000064
___flmul                                 text38       0004D4
___flmul@a                               cstackBANK0  000078
___flmul@aexp                            cstackBANK0  000085
___flmul@b                               cstackBANK0  000074
___flmul@bexp                            cstackBANK0  000086
___flmul@grs                             cstackBANK0  000081
___flmul@prod                            cstackBANK0  000087
___flmul@sign                            cstackBANK0  000080
___flmul@temp                            cstackBANK0  00008B
___flsub                                 text23       00416E
___flsub@a                               cstackBANK0  0000A1
___flsub@b                               cstackBANK0  00009D
___fltol                                 text37       003770
___fltol@exp1                            cstackBANK0  0000C7
___fltol@f1                              cstackBANK0  0000BE
___fltol@sign1                           cstackBANK0  0000C6
___heap_hi                               (abs)        000000
___heap_lo                               (abs)        000000
___inthi_sp                              stack        000000
___intlo_sp                              stack        000000
___param_bank                            (abs)        000000
___rparam_used                           (abs)        000001
___sp                                    stack        000000
___wmul                                  text27       00427E
___wmul@multiplicand                     cstackBANK0  000062
___wmul@multiplier                       cstackBANK0  000060
___wmul@product                          cstackBANK0  000064
___xxtofl                                text36       002D34
___xxtofl@arg                            cstackBANK0  000070
___xxtofl@exp                            cstackBANK0  00006F
___xxtofl@sign                           cstackBANK0  00006E
___xxtofl@val                            cstackBANK0  000066
__accesstop                              (abs)        000060
__activetblptr                           (abs)        000002
__end_of_EEPROM_Guardar                  text54       00427E
__end_of_EEPROM_Lectura                  text34       00433E
__end_of_INTERRUPTS                      intcode_body 000CFA
__end_of_INTERRUPTS_CONFIG               text43       0042E8
__end_of_LCD_Chr_Cp                      text31       004320
__end_of_LCD_Cmd                         text30       00430E
__end_of_LCD_Init                        text41       003CB0
__end_of_LCD_Out                         text28       003FE8
__end_of_LCD_XY                          text29       003F06
__end_of_PWM_Duty                        text26       003D52
__end_of_PWM_Init                        text35       002B00
__end_of_PWM_Start                       text55       004356
__end_of_PWM_Stop                        text25       004346
__end_of___aodiv                         text18       00322A
__end_of___aomod                         text17       003390
__end_of___fladd                         text40       0004D4
__end_of___fldiv                         text39       001466
__end_of___flge                          text24       00397E
__end_of___flmul                         text38       000900
__end_of___flsub                         text23       0041B6
__end_of___fltol                         text37       003878
__end_of___wmul                          text27       0042A6
__end_of___xxtofl                        text36       002EEC
__end_of__initialization                 cinit        00402C
__end_of_abs                             text16       0041F8
__end_of_atoi                            text19       00363E
__end_of_dtoa                            text11       0023A0
__end_of_enviar_dato                     text42       003770
__end_of_fputc                           text14       003B50
__end_of_fputs                           text13       004126
__end_of_guardar_rpm                     text53       004252
__end_of_isdigit                         text21       004226
__end_of_isspace                         text20       00416E
__end_of_leer_rpm                        text33       003F78
__end_of_main                            text0        002D34
__end_of_pad                             text12       003C00
__end_of_pid                             text22       001E20
__end_of_putch                           text15       004358
__end_of_sprintf                         text8        00408C
__end_of_tmr0_init                       text32       004330
__end_of_tmr0_off                        text7        004342
__end_of_tmr0_on                         text52       004352
__end_of_vfpfcnvrt                       text10       002640
__end_of_vfprintf                        text9        0040DE
__end_of_vista_modo_operacion            text6        0020E6
__end_of_vista_modo_setpoint_rpm         text5        0010CA
__end_of_vista_modo_setpoint_time        text4        0028C4
__end_of_vista_principal                 text3        003E7C
__end_of_vista_sintonizar_pid            text2        001B1E
__end_of_vista_test_pwm                  text1        0034F0
__end_ofi2_PWM_Duty                      text47       003DEC
__end_ofi2_PWM_Stop                      text46       00434E
__end_ofi2___fldiv                       text51       001800
__end_ofi2___fltol                       text50       003A84
__end_ofi2___wmul                        text49       0042CC
__end_ofi2___xxtofl                      text48       0030A0
__end_ofi2_tmr0_off                      text45       00434A
__initialization                         cinit        003FE8
__mediumconst                            mediumconst  007EF4
__pbssBANK0                              bssBANK0     0000DB
__pbssBANK1                              bssBANK1     000100
__pbssCOMRAM                             bssCOMRAM    000045
__pcinit                                 cinit        003FE8
__pcstackBANK0                           cstackBANK0  000060
__pcstackCOMRAM                          cstackCOMRAM 000001
__pdataBANK1                             dataBANK1    000130
__pidataBANK1                            idataBANK1   0042E8
__pintcode                               intcode      000008
__pintcode_body                          intcode_body 000900
__pmediumconst                           mediumconst  007EF4
__pnvBANK0                               nvBANK0      0000FB
__ptext0                                 text0        002B00
__ptext1                                 text1        003390
__ptext10                                text10       0023A0
__ptext11                                text11       0020E6
__ptext12                                text12       003B50
__ptext13                                text13       0040DE
__ptext14                                text14       003A84
__ptext15                                text15       004356
__ptext16                                text16       0041B6
__ptext17                                text17       00322A
__ptext18                                text18       0030A0
__ptext19                                text19       0034F0
__ptext2                                 text2        001800
__ptext20                                text20       004126
__ptext21                                text21       0041F8
__ptext22                                text22       001B1E
__ptext23                                text23       00416E
__ptext24                                text24       003878
__ptext25                                text25       004342
__ptext26                                text26       003CB0
__ptext27                                text27       00427E
__ptext28                                text28       003F78
__ptext29                                text29       003E7C
__ptext3                                 text3        003DEC
__ptext30                                text30       0042FC
__ptext31                                text31       00430E
__ptext32                                text32       004320
__ptext33                                text33       003F06
__ptext34                                text34       004330
__ptext35                                text35       0028C4
__ptext36                                text36       002D34
__ptext37                                text37       003770
__ptext38                                text38       0004D4
__ptext39                                text39       0010CA
__ptext4                                 text4        002640
__ptext40                                text40       000012
__ptext41                                text41       003C00
__ptext42                                text42       00363E
__ptext43                                text43       0042CC
__ptext45                                text45       004346
__ptext46                                text46       00434A
__ptext47                                text47       003D52
__ptext48                                text48       002EEC
__ptext49                                text49       0042A6
__ptext5                                 text5        000CFA
__ptext50                                text50       00397E
__ptext51                                text51       001466
__ptext52                                text52       00434E
__ptext53                                text53       004226
__ptext54                                text54       004252
__ptext55                                text55       004352
__ptext6                                 text6        001E20
__ptext7                                 text7        00433E
__ptext8                                 text8        00403A
__ptext9                                 text9        00408C
__ramtop                                 ramtop       000800
__smallconst                             smallconst   000000
_abs                                     text16       0041B6
_atoi                                    text19       0034F0
_aux                                     dataBANK1    000130
_botonPresionado                         bssBANK0     0000F6
_cen                                     bssCOMRAM    000047
_contador                                bssBANK0     0000F3
_dbuf                                    bssBANK1     000110
_dec                                     bssCOMRAM    000049
_dec_pressed                             bssBANK0     0000F8
_dtoa                                    text11       0020E6
_dtoa$1655                               cstackBANK0  00008D
_duty                                    bssCOMRAM    00005B
_enviar_dato                             text42       00363E
_error_acumulado                         bssBANK0     0000E3
_error_anterior                          bssBANK1     00010C
_fin_ciclo                               bssBANK0     0000F7
_flags                                   bssBANK0     0000F5
_fputc                                   text14       003A84
_fputs                                   text13       0040DE
_guardar_rpm                             text53       004226
_horas                                   bssBANK0     0000EF
_inc_pressed                             bssBANK0     0000F9
_isdigit                                 text21       0041F8
_isspace                                 text20       004126
_isspace$1704                            cstackBANK0  000064
_kd                                      bssCOMRAM    000055
_ki                                      bssCOMRAM    000057
_kp                                      bssCOMRAM    000059
_leer_rpm                                text33       003F06
_main                                    text0        002B00
_mil                                     bssCOMRAM    000045
_minutos                                 bssCOMRAM    00004F
_operationModeFlag                       bssCOMRAM    00005D
_pad                                     text12       003B50
_pid                                     text22       001B1E
_pid$1974                                cstackBANK0  0000C2
_pid$1975                                cstackBANK0  0000C6
_prec                                    bssBANK0     0000E9
_putch                                   text15       004356
_pwm_flag                                bssCOMRAM    00005E
_reg10bits                               nvBANK0      0000FB
_segundos                                bssBANK0     0000ED
_setpoint_horas                          bssCOMRAM    000051
_setpoint_minutos                        bssCOMRAM    00004D
_setpoint_rpm                            bssCOMRAM    000053
_setpoint_segundos                       bssBANK0     0000EB
_sprintf                                 text8        00403A
_tmr0_init                               text32       004320
_tmr0_off                                text7        00433E
_tmr0_on                                 text52       00434E
_ud                                      bssBANK1     000100
_ui                                      bssBANK0     0000DF
_ui_                                     bssBANK1     000104
_uni                                     bssCOMRAM    00004B
_up                                      bssBANK1     000108
_ut                                      bssBANK0     0000DB
_vfpfcnvrt                               text10       0023A0
_vfprintf                                text9        00408C
_vista                                   bssCOMRAM    00005C
_vista_firing_angle_flag                 bssBANK0     0000FA
_vista_modo_operacion                    text6        001E20
_vista_modo_setpoint_rpm                 text5        000CFA
_vista_modo_setpoint_time                text4        002640
_vista_principal                         text3        003DEC
_vista_sintonizar_pid                    text2        001800
_vista_test_pwm                          text1        003390
_width                                   bssBANK0     0000E7
abs@a                                    cstackBANK0  000072
atoi@n                                   cstackBANK0  00006D
atoi@neg                                 cstackBANK0  00006B
atoi@s                                   cstackBANK0  000066
btemp                                    temp         00005F
dtoa@d                                   cstackBANK0  00007D
dtoa@fp                                  cstackBANK0  00007B
dtoa@i                                   cstackBANK0  00009B
dtoa@n                                   cstackBANK0  000093
dtoa@p                                   cstackBANK0  00008F
dtoa@s                                   cstackBANK0  00009D
dtoa@w                                   cstackBANK0  000091
end_of_initialization                    cinit        00402C
enviar_dato@cmd                          cstackBANK0  000062
fputc@c                                  cstackBANK0  000060
fputc@fp                                 cstackBANK0  000062
fputs@c                                  cstackBANK0  00006D
fputs@fp                                 cstackBANK0  00006B
fputs@i                                  cstackBANK0  00006E
fputs@s                                  cstackBANK0  000069
guardar_rpm@byte1                        cstackCOMRAM 000006
guardar_rpm@byte2                        cstackCOMRAM 000007
guardar_rpm@dato                         cstackCOMRAM 000004
i2PWM_Duty@ciclo_t                       cstackCOMRAM 00003A
i2PWM_Duty@nuevoclico                    cstackCOMRAM 00003B
i2_PWM_Duty                              text47       003D52
i2_PWM_Stop                              text46       00434A
i2___fldiv                               text51       001466
i2___fldiv@a                             cstackCOMRAM 000019
i2___fldiv@aexp                          cstackCOMRAM 00002D
i2___fldiv@b                             cstackCOMRAM 000015
i2___fldiv@bexp                          cstackCOMRAM 00002C
i2___fldiv@grs                           cstackCOMRAM 000028
i2___fldiv@new_exp                       cstackCOMRAM 000026
i2___fldiv@rem                           cstackCOMRAM 000021
i2___fldiv@sign                          cstackCOMRAM 000025
i2___fltol                               text50       00397E
i2___fltol@exp1                          cstackCOMRAM 000037
i2___fltol@f1                            cstackCOMRAM 00002E
i2___fltol@sign1                         cstackCOMRAM 000036
i2___wmul                                text49       0042A6
i2___wmul@multiplicand                   cstackCOMRAM 000003
i2___wmul@multiplier                     cstackCOMRAM 000001
i2___wmul@product                        cstackCOMRAM 000005
i2___xxtofl                              text48       002EEC
i2___xxtofl@arg                          cstackCOMRAM 000011
i2___xxtofl@exp                          cstackCOMRAM 000010
i2___xxtofl@sign                         cstackCOMRAM 00000F
i2___xxtofl@val                          cstackCOMRAM 000007
i2_tmr0_off                              text45       004346
int$flags                                temp         00005F
int_func                                 intcode_body 000900
intlevel0                                text         000000
intlevel1                                text         000000
intlevel2                                text         000000
intlevel3                                text         000000
isa$std                                  (abs)        000001
isa$xinst                                (abs)        000000
isdigit@c                                cstackBANK0  000060
isspace@c                                cstackBANK0  000060
leer_rpm@byte1                           cstackBANK0  000068
leer_rpm@byte2                           cstackBANK0  000069
leer_rpm@dato                            cstackBANK0  000066
pad@buf                                  cstackBANK0  000072
pad@fp                                   cstackBANK0  000070
pad@i                                    cstackBANK0  000077
pad@p                                    cstackBANK0  000074
pad@w                                    cstackBANK0  000079
pid@max_x                                cstackBANK0  0000CA
pid@min_x                                cstackBANK0  0000CE
pid@t_muestreo                           cstackBANK0  0000D2
pid@velocidad                            cstackBANK0  0000BE
sprintf@ap                               cstackBANK0  0000C7
sprintf@f                                cstackBANK0  0000C9
sprintf@fmt                              cstackBANK0  0000BD
sprintf@s                                cstackBANK0  0000BB
stackhi                                  (abs)        000000
stacklo                                  (abs)        000000
start                                    init         00000E
start_initialization                     cinit        003FE8
ttemp5                                   temp         000060
ttemp6                                   temp         000063
ttemp7                                   temp         000067
vfpfcnvrt@ap                             cstackBANK0  0000A2
vfpfcnvrt@convarg                        cstackBANK0  0000A7
vfpfcnvrt@cp                             cstackBANK0  0000B1
vfpfcnvrt@done                           cstackBANK0  0000AF
vfpfcnvrt@fmt                            cstackBANK0  0000A0
vfpfcnvrt@fp                             cstackBANK0  00009E
vfprintf@ap                              cstackBANK0  0000B7
vfprintf@cfmt                            cstackBANK0  0000B9
vfprintf@fmt                             cstackBANK0  0000B5
vfprintf@fp                              cstackBANK0  0000B3
vista_modo_operacion@i                   cstackBANK0  0000D8
vista_modo_setpoint_rpm@posicion_cursor  cstackBANK0  0000D5
vista_modo_setpoint_time@posicion_cursor cstackBANK0  0000D5
vista_sintonizar_pid@posicion_cursor     cstackBANK0  0000D5
wtemp8                                   temp         000060


MODULE INFORMATION

Module		Function		Class		Link	Load	Size
C:\Program Files\Microchip\xc8\v2.40\pic\sources\c99\common\sprcmul.c
		___flmul       		CODE           	04D4	0000	1068

C:\Program Files\Microchip\xc8\v2.40\pic\sources\c99\common\sprcmul.c estimated size: 1068

C:\Program Files\Microchip\xc8\v2.40\pic\sources\c99\common\nf_fputc.c
		_fputc         		CODE           	3A84	0000	204

C:\Program Files\Microchip\xc8\v2.40\pic\sources\c99\common\nf_fputc.c estimated size: 204

LIBRERIA_LCD.c
		_LCD_Init      		CODE           	3C00	0000	176
		_LCD_Out       		CODE           	3F78	0000	112
		_LCD_Chr_Cp    		CODE           	430E	0000	18
		_LCD_XY        		CODE           	3E7C	0000	138
		_LCD_Cmd       		CODE           	42FC	0000	18
		_enviar_dato   		CODE           	363E	0000	306

LIBRERIA_LCD.c estimated size: 768

C:\Program Files\Microchip\xc8\v2.40\pic\sources\c99\common\sprcdiv.c
		___fldiv       		CODE           	10CA	0000	924

C:\Program Files\Microchip\xc8\v2.40\pic\sources\c99\common\sprcdiv.c estimated size: 924

C:\Program Files\Microchip\xc8\v2.40\pic\sources\c99\common\nf_sprintf.c
		_sprintf       		CODE           	403A	0000	82

C:\Program Files\Microchip\xc8\v2.40\pic\sources\c99\common\nf_sprintf.c estimated size: 82

C:\Program Files\Microchip\xc8\v2.40\pic\sources\c99\common\fltol.c
		___fltol       		CODE           	3770	0000	264

C:\Program Files\Microchip\xc8\v2.40\pic\sources\c99\common\fltol.c estimated size: 264

vistas.c
		_vista_principal		CODE           	3DEC	0000	144
		_vista_modo_operacion		CODE           	1E20	0000	710
		_vista_sintonizar_pid		CODE           	1800	0000	798
		_vista_modo_setpoint_time		CODE           	2640	0000	644
		_vista_modo_setpoint_rpm		CODE           	0CFA	0000	976
		_vista_test_pwm		CODE           	3390	0000	352

vistas.c estimated size: 3624

C:\Program Files\Microchip\xc8\v2.40\pic\sources\c99\common\isspace.c
		_isspace       		CODE           	4126	0000	72

C:\Program Files\Microchip\xc8\v2.40\pic\sources\c99\common\isspace.c estimated size: 72

C:\Program Files\Microchip\xc8\v2.40\pic\sources\c99\common\atoi.c
		_atoi          		CODE           	34F0	0000	334

C:\Program Files\Microchip\xc8\v2.40\pic\sources\c99\common\atoi.c estimated size: 334

C:\Program Files\Microchip\xc8\v2.40\pic\sources\c99\common\Umul16.c
		___wmul        		CODE           	427E	0000	40

C:\Program Files\Microchip\xc8\v2.40\pic\sources\c99\common\Umul16.c estimated size: 40

PWM_LIB.c
		_PWM_Duty      		CODE           	3CB0	0000	162
		_PWM_Start     		CODE           	4352	0000	4
		_PWM_Stop      		CODE           	4342	0000	4
		_PWM_Init      		CODE           	28C4	0000	572

PWM_LIB.c estimated size: 742

interrupts.c
		_INTERRUPTS_CONFIG		CODE           	42CC	0000	28
		_INTERRUPTS    		CODE           	0008	0000	1024

interrupts.c estimated size: 1052

C:\Program Files\Microchip\xc8\v2.40\pic\sources\c99\common\abs.c
		_abs           		CODE           	41B6	0000	66

C:\Program Files\Microchip\xc8\v2.40\pic\sources\c99\common\abs.c estimated size: 66

C:\Program Files\Microchip\xc8\v2.40\pic\sources\c99\common\isdigit.c
		_isdigit       		CODE           	41F8	0000	46

C:\Program Files\Microchip\xc8\v2.40\pic\sources\c99\common\isdigit.c estimated size: 46

C:\Program Files\Microchip\xc8\v2.40\pic\sources\c99\common\sprcadd.c
		___flsub       		CODE           	416E	0000	72
		___fladd       		CODE           	0012	0000	1218

C:\Program Files\Microchip\xc8\v2.40\pic\sources\c99\common\sprcadd.c estimated size: 1290

EEPROM_LIB.c
		_EEPROM_Lectura		CODE           	4330	0000	14
		_EEPROM_Guardar		CODE           	4252	0000	44

EEPROM_LIB.c estimated size: 58

funciones.c
		_leer_rpm      		CODE           	3F06	0000	114
		_tmr0_off      		CODE           	433E	0000	4
		_guardar_rpm   		CODE           	4226	0000	44
		_pid           		CODE           	1B1E	0000	770
		_tmr0_init     		CODE           	4320	0000	16
		_tmr0_on       		CODE           	434E	0000	4

funciones.c estimated size: 952

C:\Program Files\Microchip\xc8\v2.40\pic\sources\c99\common\xxtofl.c
		___xxtofl      		CODE           	2D34	0000	440

C:\Program Files\Microchip\xc8\v2.40\pic\sources\c99\common\xxtofl.c estimated size: 440

C:\Program Files\Microchip\xc8\v2.40\pic\sources\c99\common\nf_fputs.c
		_fputs         		CODE           	40DE	0000	72

C:\Program Files\Microchip\xc8\v2.40\pic\sources\c99\common\nf_fputs.c estimated size: 72

C:\Program Files\Microchip\xc8\v2.40\pic\sources\c99\common\aomod.c
		___aomod       		CODE           	322A	0000	358

C:\Program Files\Microchip\xc8\v2.40\pic\sources\c99\common\aomod.c estimated size: 358

shared
		i2_PWM_Duty    		CODE           	3D52	0000	154
		i2___wmul      		CODE           	42A6	0000	38
		i2___fldiv     		CODE           	1466	0000	922
		i2___fltol     		CODE           	397E	0000	262
		__initialization		CODE           	3FE8	0000	68
		i2_tmr0_off    		CODE           	4346	0000	4
		i2_PWM_Stop    		CODE           	434A	0000	4
		i2___xxtofl    		CODE           	2EEC	0000	436

shared estimated size: 1888

C:\Program Files\Microchip\xc8\v2.40\pic\sources\c99\common\flge.c
		___flge        		CODE           	3878	0000	262

C:\Program Files\Microchip\xc8\v2.40\pic\sources\c99\common\flge.c estimated size: 262

C:\Program Files\Microchip\xc8\v2.40\pic\sources\c99\common\putch.c
		_putch         		CODE           	4356	0000	2

C:\Program Files\Microchip\xc8\v2.40\pic\sources\c99\common\putch.c estimated size: 2

C:\Program Files\Microchip\xc8\v2.40\pic\sources\c99\common\doprnt.c
		_vfpfcnvrt     		CODE           	23A0	0000	672
		_pad           		CODE           	3B50	0000	176
		_dtoa          		CODE           	20E6	0000	698
		_vfprintf      		CODE           	408C	0000	82

C:\Program Files\Microchip\xc8\v2.40\pic\sources\c99\common\doprnt.c estimated size: 1628

main.c
		_main          		CODE           	2B00	0000	564

main.c estimated size: 564

C:\Program Files\Microchip\xc8\v2.40\pic\sources\c99\common\aodiv.c
		___aodiv       		CODE           	30A0	0000	394

C:\Program Files\Microchip\xc8\v2.40\pic\sources\c99\common\aodiv.c estimated size: 394

