Microchip MPLAB XC8 Compiler V2.40

Linker command line:

-W-3 \
  --edf=C:\Program Files\Microchip\xc8\v2.40\pic\dat\20220703182018_en.msgs \
  -cn -h+dist/default/production\CONTROL-SHAKER.production.sym \
  --cmf=dist/default/production\CONTROL-SHAKER.production.cmf -z -Q18F4550 \
  -oC:\Users\ASUS\AppData\Local\Temp\xcAs74s.4 --defsym=__MPLAB_BUILD=1 \
  --fixupoverflow=error \
  -Mdist/default/production/CONTROL-SHAKER.production.map \
  --md=C:\Users\ASUS\AppData\Local\Temp\xcAs74s.dat -E1 -ver=XC8 Compiler \
  --acfsm=1493 -ACODE=00h-07FFFh -ACONST=00h-07FFFh \
  -ASMALLCONST=0800h-08FFhx120 -AMEDIUMCONST=0800h-07FFFh -ACOMRAM=01h-05Fh \
  -AABS1=00h-07FFh -ABIGRAM=01h-07FFh -ARAM=060h-0FFh,0100h-01FFhx7 \
  -ABANK0=060h-0FFh -ABANK1=0100h-01FFh -ABANK2=0200h-02FFh \
  -ABANK3=0300h-03FFh -ABANK4=0400h-04FFh -ABANK5=0500h-05FFh \
  -ABANK6=0600h-06FFh -ABANK7=0700h-07FFh -ASFR=0F60h-0FFFh \
  -ABIGSFR=0F60h-0FFFh -ACONFIG=0300000h-030000Dh -AIDLOC=0200000h-0200007h \
  -AEEDATA=0F00000h-0F000FFh -peeprom_data=EEDATA \
  -preset_vec=00h,intcode=08h,intcodelo,powerup,init -pramtop=0800h \
  -psmallconst=SMALLCONST -pmediumconst=MEDIUMCONST -pconst=CONST \
  -AFARRAM=00h-00h \
  -prdata=COMRAM,nvrram=COMRAM,nvbit=COMRAM,rbss=COMRAM,rbit=COMRAM \
  -pfarbss=FARRAM,fardata=FARRAM,nvFARRAM=FARRAM \
  -pintsave_regs=BIGRAM,bigbss=BIGRAM,bigdata=BIGRAM -pbss=RAM \
  -pidata=CODE,irdata=CODE,ibigdata=CODE,ifardata=CODE -prparam=COMRAM \
  C:\Users\ASUS\AppData\Local\Temp\xcAs74s.o \
  dist/default/production\CONTROL-SHAKER.production.o 

Object code version is 3.11

Machine type is 18F4550



                Name                               Link     Load   Length Selector   Space Scale
C:\Users\ASUS\AppData\Local\Temp\xcAs74s.o
                idloc                            200000   200000        8        0       5
                config                           300000   300000        E        0       4
                init                                  E        E        4        4       0
                reset_vec                             0        0        4        0       0
dist/default/production\CONTROL-SHAKER.production.o
                intcode                               8        8        6        4       0
                idloc                            200000   200000        8        0       5
                config                           300000   300000        E        0       4
                temp                                 5F       5F        1        1       1
                mediumconst                        7EF2     7EF2      10E     3F79       0
                text35                              900      900      42A        4       0
                text34                             2578     2578      106        4       0
                text33                             1D4C     1D4C      1B4        4       0
                intcode_body                       10C6     10C6      338        4       0
                text31                             2C4A     2C4A       1C        4       0
                text30                               12       12      4C2        4       0
                text29                              D2A      D2A      39C        4       0
                text28                              4D4      4D4      42C        4       0
                text27                             2470     2470      108        4       0
                text26                             1B94     1B94      1B8        4       0
                text25                             1958     1958      23C        4       0
                text24                             2CB2     2CB2        4        4       0
                text23                             2CAE     2CAE        4        4       0
                text22                             2C9E     2C9E        C        4       0
                text21                             233E     233E      132        4       0
                text20                             2C8C     2C8C       12        4       0
                text19                             2C7A     2C7A       12        4       0
                text18                             288A     288A       8A        4       0
                text17                             2A0E     2A0E       70        4       0
                text16                             2C22     2C22       28        4       0
                text15                             2BF4     2BF4       2E        4       0
                text14                             2B6A     2B6A       48        4       0
                text13                             21F0     21F0      14E        4       0
                text12                             1F00     1F00      18A        4       0
                text11                             208A     208A      166        4       0
                text10                             2BB2     2BB2       42        4       0
                text9                              2CB6     2CB6        2        4       0
                text8                              267E     267E       CC        4       0
                text7                              2B22     2B22       48        4       0
                text6                              274A     274A       B0        4       0
                text5                              13FE     13FE      2BA        4       0
                text4                              16B8     16B8      2A0        4       0
                text3                              2AD0     2AD0       52        4       0
                text2                              2A7E     2A7E       52        4       0
                text1                              27FA     27FA       90        4       0
                text0                              2914     2914       88        4       0
                cstackCOMRAM                          1        1       34        1       1
                cstackBANK0                          60       60       74       60       1
                dataBANK1                           138      138       14      100       1
                bssBANK1                            100      100       38      100       1
                dataBANK0                            F7       F7        4       60       1
                bssBANK0                             D4       D4       23       60       1
                bssCOMRAM                            35       35       2A        1       1
                cinit                              299C     299C       72        4       0
                nvBANK0                              FB       FB        2       60       1
                idataBANK1                         2C66     2C66       14        4       0
                idataBANK0                         2CAA     2CAA        4        4       0

TOTAL           Name                               Link     Load   Length     Space
        CLASS   CODE           
                intcode                               8        8        6         0
                init                                  E        E        4         0
                reset_vec                             0        0        4         0
                text35                              900      900      42A         0
                text34                             2578     2578      106         0
                text33                             1D4C     1D4C      1B4         0
                intcode_body                       10C6     10C6      338         0
                text31                             2C4A     2C4A       1C         0
                text30                               12       12      4C2         0
                text29                              D2A      D2A      39C         0
                text28                              4D4      4D4      42C         0
                text27                             2470     2470      108         0
                text26                             1B94     1B94      1B8         0
                text25                             1958     1958      23C         0
                text24                             2CB2     2CB2        4         0
                text23                             2CAE     2CAE        4         0
                text22                             2C9E     2C9E        C         0
                text21                             233E     233E      132         0
                text20                             2C8C     2C8C       12         0
                text19                             2C7A     2C7A       12         0
                text18                             288A     288A       8A         0
                text17                             2A0E     2A0E       70         0
                text16                             2C22     2C22       28         0
                text15                             2BF4     2BF4       2E         0
                text14                             2B6A     2B6A       48         0
                text13                             21F0     21F0      14E         0
                text12                             1F00     1F00      18A         0
                text11                             208A     208A      166         0
                text10                             2BB2     2BB2       42         0
                text9                              2CB6     2CB6        2         0
                text8                              267E     267E       CC         0
                text7                              2B22     2B22       48         0
                text6                              274A     274A       B0         0
                text5                              13FE     13FE      2BA         0
                text4                              16B8     16B8      2A0         0
                text3                              2AD0     2AD0       52         0
                text2                              2A7E     2A7E       52         0
                text1                              27FA     27FA       90         0
                text0                              2914     2914       88         0
                cinit                              299C     299C       72         0
                idataBANK1                         2C66     2C66       14         0
                idataBANK0                         2CAA     2CAA        4         0

        CLASS   CONST          

        CLASS   SMALLCONST     

        CLASS   MEDIUMCONST    
                mediumconst                        7EF2     7EF2      10E         0

        CLASS   COMRAM         
                temp                                 5F       5F        1         1
                cstackCOMRAM                          1        1       34         1
                bssCOMRAM                            35       35       2A         1

        CLASS   ABS1           

        CLASS   BIGRAM         

        CLASS   RAM            

        CLASS   BANK0          
                cstackBANK0                          60       60       74         1
                dataBANK0                            F7       F7        4         1
                bssBANK0                             D4       D4       23         1
                nvBANK0                              FB       FB        2         1

        CLASS   BANK1          
                dataBANK1                           138      138       14         1
                bssBANK1                            100      100       38         1

        CLASS   BANK2          

        CLASS   BANK3          

        CLASS   BANK4          

        CLASS   BANK5          

        CLASS   BANK6          

        CLASS   BANK7          

        CLASS   SFR            

        CLASS   BIGSFR         

        CLASS   CONFIG         
                config                           300000   300000        E         4

        CLASS   IDLOC          
                idloc                            200000   200000        8         5

        CLASS   EEDATA         

        CLASS   FARRAM         

        CLASS   HEAP           

        CLASS   STACK          



SEGMENTS        Name                           Load    Length   Top    Selector   Space  Class

                reset_vec                      000000  000004  000004         0       0  CODE    
                cstackCOMRAM                   000001  00005F  000060         1       1  COMRAM  
                intcode                        000008  002CB0  002CB8         4       0  CODE    
                cstackBANK0                    000060  00009D  0000FD        60       1  BANK0   
                bssBANK1                       000100  00004C  00014C       100       1  BANK1   
                mediumconst                    007EF2  00010E  008000      3F79       0  MEDIUMCO


UNUSED ADDRESS RANGES

        Name                Unused          Largest block    Delta
        BANK0            0000FD-0000FF                3
        BANK1            00014C-0001FF               B4
        BANK2            000200-0002FF              100
        BANK3            000300-0003FF              100
        BANK4            000400-0004FF              100
        BANK5            000500-0005FF              100
        BANK6            000600-0006FF              100
        BANK7            000700-0007FF              100
        BIGRAM           0000FD-0000FF                3
                         00014C-0007FF              6B4
        BIGSFR           000F60-000FFF               A0
        CODE             000004-000007                4
                         002CB8-007EF1             523A
        CONST            000004-000007                4
                         002CB8-007EF1             523A
        EEDATA           F00000-F000FF              100
        MEDIUMCONST      002CB8-007EF1             523A
        RAM              0000FD-0000FF                3
                         00014C-0007FF              100
        SFR              000F60-000FFF               A0
        SMALLCONST       002CB8-007EF1              100

                                  Symbol Table

?___aodiv                  cstackBANK0  000060
?___aomod                  cstackBANK0  000060
?___fladd                  cstackBANK0  0000A0
?___fldiv                  cstackBANK0  000087
?___flmul                  cstackBANK0  00006E
?___fltol                  cstackBANK0  0000B0
?___wmul                   cstackBANK0  000060
?___xxtofl                 cstackBANK0  000060
?_abs                      cstackBANK0  000072
?_atoi                     cstackBANK0  000066
?_isdigit                  cstackBANK0  000060
?_isspace                  cstackBANK0  000060
?_sprintf                  cstackBANK0  0000BB
?_vfprintf                 cstackBANK0  0000B3
?i2___flmul                cstackCOMRAM 00000F
?i2___fltol                cstackCOMRAM 000028
?i2___xxtofl               cstackCOMRAM 000001
LCD_Chr_Cp@letra           cstackBANK0  000063
LCD_Cmd@cmd                cstackBANK0  000063
LCD_Out@column             cstackBANK0  000068
LCD_Out@row                cstackBANK0  00006B
LCD_Out@text               cstackBANK0  000069
LCD_XY@column              cstackBANK0  000064
LCD_XY@row                 cstackBANK0  000067
PWM_Init@Tosc              cstackBANK0  0000C7
PWM_Init@Tpwm              cstackBANK0  0000C3
PWM_Init@f_trabajo         cstackBANK0  0000BA
PWM_Init@pre_config        cstackBANK0  0000BC
PWM_Init@press             cstackBANK0  0000CB
_ADCON1                    (abs)        000FC1
_CCP1CONbits               (abs)        000FBD
_CCPR1L                    (abs)        000FBE
_EEADR                     (abs)        000FA9
_EECON1bits                (abs)        000FA6
_EECON2                    (abs)        000FA7
_EEDATA                    (abs)        000FA8
_INTCON2bits               (abs)        000FF1
_INTCON3bits               (abs)        000FF0
_INTCONbits                (abs)        000FF2
_INTERRUPTS                intcode      000008
_INTERRUPTS_CONFIG         text31       002C4A
_LATCbits                  (abs)        000F8B
_LATDbits                  (abs)        000F8C
_LCD_Chr_Cp                text20       002C8C
_LCD_Cmd                   text19       002C7A
_LCD_Out                   text17       002A0E
_LCD_XY                    text18       00288A
_PIR2bits                  (abs)        000FA1
_PORTBbits                 (abs)        000F81
_PORTCbits                 (abs)        000F82
_PR2                       (abs)        000FCB
_PV_RPM                    bssCOMRAM    000059
_PWM_Init                  text25       001958
_PWM_Init$2074             cstackBANK0  0000BF
_T0CON                     (abs)        000FD5
_T0CONbits                 (abs)        000FD5
_T2CON                     (abs)        000FCA
_T2CONbits                 (abs)        000FCA
_TMR0H                     (abs)        000FD7
_TMR0IE                    (abs)        007F95
_TMR0IF                    (abs)        007F92
_TMR0L                     (abs)        000FD6
_TMR2                      (abs)        000FCC
_TRISB                     (abs)        000F93
_TRISCbits                 (abs)        000F94
_TRISDbits                 (abs)        000F95
__HRAM                     (abs)        000000
__Habs1                    abs1         000000
__Hbank0                   bank0        000000
__Hbank1                   bank1        000000
__Hbank2                   bank2        000000
__Hbank3                   bank3        000000
__Hbank4                   bank4        000000
__Hbank5                   bank5        000000
__Hbank6                   bank6        000000
__Hbank7                   bank7        000000
__Hbigbss                  bigbss       000000
__Hbigdata                 bigdata      000000
__Hbigram                  bigram       000000
__Hbigsfr                  bigsfr       000000
__Hbss                     bss          000000
__HbssBANK0                bssBANK0     000000
__HbssBANK1                bssBANK1     000000
__HbssCOMRAM               bssCOMRAM    000000
__Hcinit                   cinit        000000
__Hclrtext                 clrtext      000000
__Hcomram                  comram       000000
__Hconfig                  config       30000E
__Hconst                   const        000000
__HcstackBANK0             cstackBANK0  000000
__HcstackCOMRAM            cstackCOMRAM 000000
__Hdata                    data         000000
__HdataBANK0               dataBANK0    000000
__HdataBANK1               dataBANK1    000000
__Heeprom_data             eeprom_data  000000
__Hfarbss                  farbss       000000
__Hfardata                 fardata      000000
__Hheap                    heap         000000
__Hibigdata                ibigdata     000000
__Hidata                   idata        000000
__HidataBANK0              idataBANK0   000000
__HidataBANK1              idataBANK1   000000
__Hidloc                   idloc        200008
__Hifardata                ifardata     000000
__Hinit                    init         000012
__Hintcode                 intcode      00000E
__Hintcode_body            intcode_body 000000
__Hintcodelo               intcodelo    00000E
__Hintentry                intentry     000000
__Hintret                  intret       000000
__Hintsave_regs            intsave_regs 000000
__Hirdata                  irdata       000000
__Hmediumconst             mediumconst  008000
__HnvBANK0                 nvBANK0      000000
__HnvFARRAM                nvFARRAM     000000
__Hnvbit                   nvbit        000000
__Hnvrram                  nvrram       000000
__Hparam                   rparam       000000
__Hpowerup                 powerup      00000E
__Hram                     ram          000000
__Hramtop                  ramtop       000800
__Hrbit                    rbit         000000
__Hrbss                    rbss         000000
__Hrdata                   rdata        000000
__Hreset_vec               reset_vec    000004
__Hrparam                  rparam       000000
__Hsfr                     sfr          000000
__Hsmallconst              smallconst   000000
__Hspace_0                 (abs)        008000
__Hspace_1                 (abs)        00014C
__Hspace_2                 (abs)        000000
__Hspace_4                 (abs)        60000E
__Hstack                   stack        000000
__Hstruct                  struct       000000
__Htemp                    temp         000060
__Htext                    text         000000
__Htext0                   text0        000000
__Htext1                   text1        000000
__Htext10                  text10       000000
__Htext11                  text11       000000
__Htext12                  text12       000000
__Htext13                  text13       000000
__Htext14                  text14       000000
__Htext15                  text15       000000
__Htext16                  text16       000000
__Htext17                  text17       000000
__Htext18                  text18       000000
__Htext19                  text19       000000
__Htext2                   text2        000000
__Htext20                  text20       000000
__Htext21                  text21       000000
__Htext22                  text22       000000
__Htext23                  text23       000000
__Htext24                  text24       000000
__Htext25                  text25       000000
__Htext26                  text26       000000
__Htext27                  text27       000000
__Htext28                  text28       000000
__Htext29                  text29       000000
__Htext3                   text3        000000
__Htext30                  text30       000000
__Htext31                  text31       000000
__Htext33                  text33       000000
__Htext34                  text34       000000
__Htext35                  text35       000000
__Htext4                   text4        000000
__Htext5                   text5        000000
__Htext6                   text6        000000
__Htext7                   text7        000000
__Htext8                   text8        000000
__Htext9                   text9        000000
__LRAM                     (abs)        000001
__Labs1                    abs1         000000
__Lbank0                   bank0        000000
__Lbank1                   bank1        000000
__Lbank2                   bank2        000000
__Lbank3                   bank3        000000
__Lbank4                   bank4        000000
__Lbank5                   bank5        000000
__Lbank6                   bank6        000000
__Lbank7                   bank7        000000
__Lbigbss                  bigbss       000000
__Lbigdata                 bigdata      000000
__Lbigram                  bigram       000000
__Lbigsfr                  bigsfr       000000
__Lbss                     bss          000000
__LbssBANK0                bssBANK0     000000
__LbssBANK1                bssBANK1     000000
__LbssCOMRAM               bssCOMRAM    000000
__Lcinit                   cinit        000000
__Lclrtext                 clrtext      000000
__Lcomram                  comram       000000
__Lconfig                  config       000000
__Lconst                   const        000000
__LcstackBANK0             cstackBANK0  000000
__LcstackCOMRAM            cstackCOMRAM 000000
__Ldata                    data         000000
__LdataBANK0               dataBANK0    000000
__LdataBANK1               dataBANK1    000000
__Leeprom_data             eeprom_data  000000
__Lfarbss                  farbss       000000
__Lfardata                 fardata      000000
__Lheap                    heap         000000
__Libigdata                ibigdata     000000
__Lidata                   idata        000000
__LidataBANK0              idataBANK0   000000
__LidataBANK1              idataBANK1   000000
__Lidloc                   idloc        000000
__Lifardata                ifardata     000000
__Linit                    init         00000E
__Lintcode                 intcode      000008
__Lintcode_body            intcode_body 000000
__Lintcodelo               intcodelo    00000E
__Lintentry                intentry     000000
__Lintret                  intret       000000
__Lintsave_regs            intsave_regs 000000
__Lirdata                  irdata       000000
__Lmediumconst             mediumconst  007EF2
__LnvBANK0                 nvBANK0      000000
__LnvFARRAM                nvFARRAM     000000
__Lnvbit                   nvbit        000000
__Lnvrram                  nvrram       000000
__Lparam                   rparam       000000
__Lpowerup                 powerup      00000E
__Lram                     ram          000000
__Lramtop                  ramtop       000800
__Lrbit                    rbit         000000
__Lrbss                    rbss         000000
__Lrdata                   rdata        000000
__Lreset_vec               reset_vec    000000
__Lrparam                  rparam       000000
__Lsfr                     sfr          000000
__Lsmallconst              smallconst   000000
__Lspace_0                 (abs)        000000
__Lspace_1                 (abs)        000000
__Lspace_2                 (abs)        000000
__Lspace_4                 (abs)        000000
__Lstack                   stack        000000
__Lstruct                  struct       000000
__Ltemp                    temp         00005F
__Ltext                    text         000000
__Ltext0                   text0        000000
__Ltext1                   text1        000000
__Ltext10                  text10       000000
__Ltext11                  text11       000000
__Ltext12                  text12       000000
__Ltext13                  text13       000000
__Ltext14                  text14       000000
__Ltext15                  text15       000000
__Ltext16                  text16       000000
__Ltext17                  text17       000000
__Ltext18                  text18       000000
__Ltext19                  text19       000000
__Ltext2                   text2        000000
__Ltext20                  text20       000000
__Ltext21                  text21       000000
__Ltext22                  text22       000000
__Ltext23                  text23       000000
__Ltext24                  text24       000000
__Ltext25                  text25       000000
__Ltext26                  text26       000000
__Ltext27                  text27       000000
__Ltext28                  text28       000000
__Ltext29                  text29       000000
__Ltext3                   text3        000000
__Ltext30                  text30       000000
__Ltext31                  text31       000000
__Ltext33                  text33       000000
__Ltext34                  text34       000000
__Ltext35                  text35       000000
__Ltext4                   text4        000000
__Ltext5                   text5        000000
__Ltext6                   text6        000000
__Ltext7                   text7        000000
__Ltext8                   text8        000000
__Ltext9                   text9        000000
__S0                       (abs)        008000
__S1                       (abs)        00014C
__S4                       (abs)        000000
__S5                       (abs)        000000
___aodiv                   text12       001F00
___aodiv@counter           cstackBANK0  000070
___aodiv@dividend          cstackBANK0  000060
___aodiv@divisor           cstackBANK0  000068
___aodiv@quotient          cstackBANK0  000072
___aodiv@sign              cstackBANK0  000071
___aomod                   text11       00208A
___aomod@counter           cstackBANK0  000070
___aomod@dividend          cstackBANK0  000060
___aomod@divisor           cstackBANK0  000068
___aomod@sign              cstackBANK0  000071
___fladd                   text30       000012
___fladd@a                 cstackBANK0  0000A4
___fladd@aexp              cstackBANK0  0000AD
___fladd@b                 cstackBANK0  0000A0
___fladd@bexp              cstackBANK0  0000AE
___fladd@grs               cstackBANK0  0000AF
___fladd@signs             cstackBANK0  0000AC
___fldiv                   text29       000D2A
___fldiv@a                 cstackBANK0  00008B
___fldiv@aexp              cstackBANK0  00009F
___fldiv@b                 cstackBANK0  000087
___fldiv@bexp              cstackBANK0  00009E
___fldiv@grs               cstackBANK0  00009A
___fldiv@new_exp           cstackBANK0  000098
___fldiv@rem               cstackBANK0  000093
___fldiv@sign              cstackBANK0  000097
___flmul                   text28       0004D4
___flmul@a                 cstackBANK0  000072
___flmul@aexp              cstackBANK0  00007F
___flmul@b                 cstackBANK0  00006E
___flmul@bexp              cstackBANK0  000080
___flmul@grs               cstackBANK0  00007B
___flmul@prod              cstackBANK0  000081
___flmul@sign              cstackBANK0  00007A
___flmul@temp              cstackBANK0  000085
___fltol                   text27       002470
___fltol@exp1              cstackBANK0  0000B9
___fltol@f1                cstackBANK0  0000B0
___fltol@sign1             cstackBANK0  0000B8
___heap_hi                 (abs)        000000
___heap_lo                 (abs)        000000
___inthi_sp                stack        000000
___intlo_sp                stack        000000
___param_bank              (abs)        000000
___rparam_used             (abs)        000001
___sp                      stack        000000
___wmul                    text16       002C22
___wmul@multiplicand       cstackBANK0  000062
___wmul@multiplier         cstackBANK0  000060
___wmul@product            cstackBANK0  000064
___xxtofl                  text26       001B94
___xxtofl@arg              cstackBANK0  00006A
___xxtofl@exp              cstackBANK0  000069
___xxtofl@sign             cstackBANK0  000068
___xxtofl@val              cstackBANK0  000060
__accesstop                (abs)        000060
__activetblptr             (abs)        000002
__end_of_INTERRUPTS        intcode_body 0013FE
__end_of_INTERRUPTS_CONFIG text31       002C66
__end_of_LCD_Chr_Cp        text20       002C9E
__end_of_LCD_Cmd           text19       002C8C
__end_of_LCD_Out           text17       002A7E
__end_of_LCD_XY            text18       002914
__end_of_PWM_Init          text25       001B94
__end_of___aodiv           text12       00208A
__end_of___aomod           text11       0021F0
__end_of___fladd           text30       0004D4
__end_of___fldiv           text29       0010C6
__end_of___flmul           text28       000900
__end_of___fltol           text27       002578
__end_of___wmul            text16       002C4A
__end_of___xxtofl          text26       001D4C
__end_of__initialization   cinit        002A00
__end_of_abs               text10       002BF4
__end_of_atoi              text13       00233E
__end_of_contador_off      text24       002CB6
__end_of_dtoa              text5        0016B8
__end_of_enviar_dato       text21       002470
__end_of_fputc             text8        00274A
__end_of_fputs             text7        002B6A
__end_of_isdigit           text15       002C22
__end_of_isspace           text14       002BB2
__end_of_main              text0        00299C
__end_of_operationModeOff  text22       002CAA
__end_of_pad               text6        0027FA
__end_of_putch             text9        002CB8
__end_of_sprintf           text2        002AD0
__end_of_tmr0_off          text23       002CB2
__end_of_vfpfcnvrt         text4        001958
__end_of_vfprintf          text3        002B22
__end_of_vista_principal   text1        00288A
__end_ofi2___flmul         text35       000D2A
__end_ofi2___fltol         text34       00267E
__end_ofi2___xxtofl        text33       001F00
__initialization           cinit        00299C
__mediumconst              mediumconst  007EF2
__pbssBANK0                bssBANK0     0000D4
__pbssBANK1                bssBANK1     000100
__pbssCOMRAM               bssCOMRAM    000035
__pcinit                   cinit        00299C
__pcstackBANK0             cstackBANK0  000060
__pcstackCOMRAM            cstackCOMRAM 000001
__pdataBANK0               dataBANK0    0000F7
__pdataBANK1               dataBANK1    000138
__pidataBANK0              idataBANK0   002CAA
__pidataBANK1              idataBANK1   002C66
__pintcode                 intcode      000008
__pintcode_body            intcode_body 0010C6
__pmediumconst             mediumconst  007EF2
__pnvBANK0                 nvBANK0      0000FB
__ptext0                   text0        002914
__ptext1                   text1        0027FA
__ptext10                  text10       002BB2
__ptext11                  text11       00208A
__ptext12                  text12       001F00
__ptext13                  text13       0021F0
__ptext14                  text14       002B6A
__ptext15                  text15       002BF4
__ptext16                  text16       002C22
__ptext17                  text17       002A0E
__ptext18                  text18       00288A
__ptext19                  text19       002C7A
__ptext2                   text2        002A7E
__ptext20                  text20       002C8C
__ptext21                  text21       00233E
__ptext22                  text22       002C9E
__ptext23                  text23       002CAE
__ptext24                  text24       002CB2
__ptext25                  text25       001958
__ptext26                  text26       001B94
__ptext27                  text27       002470
__ptext28                  text28       0004D4
__ptext29                  text29       000D2A
__ptext3                   text3        002AD0
__ptext30                  text30       000012
__ptext31                  text31       002C4A
__ptext33                  text33       001D4C
__ptext34                  text34       002578
__ptext35                  text35       000900
__ptext4                   text4        0016B8
__ptext5                   text5        0013FE
__ptext6                   text6        00274A
__ptext7                   text7        002B22
__ptext8                   text8        00267E
__ptext9                   text9        002CB6
__ramtop                   ramtop       000800
__smallconst               smallconst   000000
_abs                       text10       002BB2
_atoi                      text13       0021F0
_aux                       dataBANK1    000138
_botonPresionado           bssBANK0     0000F3
_cen                       bssCOMRAM    000049
_contador                  bssBANK0     0000EC
_contador_off              text24       002CB2
_cv                        bssCOMRAM    000035
_cv1                       bssBANK0     0000E0
_dbuf                      bssBANK1     000118
_dec                       bssCOMRAM    00004B
_dec_pressed               bssBANK0     0000F4
_dtoa                      text5        0013FE
_dtoa$1731                 cstackBANK0  00008D
_duty                      bssCOMRAM    000045
_enviar_dato               text21       00233E
_error                     bssBANK0     0000DC
_error1                    bssBANK0     0000D8
_error2                    bssBANK0     0000D4
_error_acumulado           bssBANK0     0000E4
_error_anterior            bssBANK1     000114
_factorDeConversion        dataBANK0    0000F7
_fin_ciclo                 bssCOMRAM    00005B
_flags                     bssBANK0     0000F2
_fputc                     text8        00267E
_fputs                     text7        002B22
_horas                     bssBANK0     0000F0
_inc_pressed               bssBANK0     0000F5
_isdigit                   text15       002BF4
_isspace                   text14       002B6A
_isspace$1780              cstackBANK0  000064
_kd                        bssCOMRAM    000039
_ki                        bssCOMRAM    00003D
_kp                        bssCOMRAM    000041
_main                      text0        002914
_mil                       bssCOMRAM    000047
_minutos                   bssCOMRAM    000053
_operationModeFlag         bssCOMRAM    00005D
_operationModeOff          text22       002C9E
_pad                       text6        00274A
_prec                      bssBANK0     0000EA
_putch                     text9        002CB6
_pwm_flag                  bssCOMRAM    00005E
_reg10bits                 nvBANK0      0000FB
_segundos                  bssCOMRAM    00004F
_setpoint_horas            bssCOMRAM    000055
_setpoint_minutos          bssCOMRAM    000051
_setpoint_rpm              bssCOMRAM    000057
_setpoint_segundos         bssBANK0     0000EE
_sprintf                   text2        002A7E
_tmr0_off                  text23       002CAE
_ud                        bssBANK1     000104
_ui                        bssBANK1     00010C
_ui_                       bssBANK1     000108
_uni                       bssCOMRAM    00004D
_up                        bssBANK1     000110
_ut                        bssBANK1     000100
_vfpfcnvrt                 text4        0016B8
_vfprintf                  text3        002AD0
_vista                     bssCOMRAM    00005C
_vista_firing_angle_flag   bssBANK0     0000F6
_vista_principal           text1        0027FA
_width                     bssBANK0     0000E8
abs@a                      cstackBANK0  000072
atoi@n                     cstackBANK0  00006D
atoi@neg                   cstackBANK0  00006B
atoi@s                     cstackBANK0  000066
btemp                      temp         00005F
dtoa@d                     cstackBANK0  00007D
dtoa@fp                    cstackBANK0  00007B
dtoa@i                     cstackBANK0  00009B
dtoa@n                     cstackBANK0  000093
dtoa@p                     cstackBANK0  00008F
dtoa@s                     cstackBANK0  00009D
dtoa@w                     cstackBANK0  000091
end_of_initialization      cinit        002A00
enviar_dato@cmd            cstackBANK0  000062
fputc@c                    cstackBANK0  000060
fputc@fp                   cstackBANK0  000062
fputs@c                    cstackBANK0  00006D
fputs@fp                   cstackBANK0  00006B
fputs@i                    cstackBANK0  00006E
fputs@s                    cstackBANK0  000069
i2___flmul                 text35       000900
i2___flmul@a               cstackCOMRAM 000013
i2___flmul@aexp            cstackCOMRAM 000020
i2___flmul@b               cstackCOMRAM 00000F
i2___flmul@bexp            cstackCOMRAM 000021
i2___flmul@grs             cstackCOMRAM 00001C
i2___flmul@prod            cstackCOMRAM 000022
i2___flmul@sign            cstackCOMRAM 00001B
i2___flmul@temp            cstackCOMRAM 000026
i2___fltol                 text34       002578
i2___fltol@exp1            cstackCOMRAM 000031
i2___fltol@f1              cstackCOMRAM 000028
i2___fltol@sign1           cstackCOMRAM 000030
i2___xxtofl                text33       001D4C
i2___xxtofl@arg            cstackCOMRAM 00000B
i2___xxtofl@exp            cstackCOMRAM 00000A
i2___xxtofl@sign           cstackCOMRAM 000009
i2___xxtofl@val            cstackCOMRAM 000001
int$flags                  temp         00005F
int_func                   intcode_body 0010C6
intlevel0                  text         000000
intlevel1                  text         000000
intlevel2                  text         000000
intlevel3                  text         000000
isa$std                    (abs)        000001
isa$xinst                  (abs)        000000
isdigit@c                  cstackBANK0  000060
isspace@c                  cstackBANK0  000060
pad@buf                    cstackBANK0  000072
pad@fp                     cstackBANK0  000070
pad@i                      cstackBANK0  000077
pad@p                      cstackBANK0  000074
pad@w                      cstackBANK0  000079
sprintf@ap                 cstackBANK0  0000C7
sprintf@f                  cstackBANK0  0000C9
sprintf@fmt                cstackBANK0  0000BD
sprintf@s                  cstackBANK0  0000BB
stackhi                    (abs)        000000
stacklo                    (abs)        000000
start                      init         00000E
start_initialization       cinit        00299C
ttemp5                     temp         000060
ttemp6                     temp         000063
ttemp7                     temp         000067
vfpfcnvrt@ap               cstackBANK0  0000A2
vfpfcnvrt@convarg          cstackBANK0  0000A7
vfpfcnvrt@cp               cstackBANK0  0000B1
vfpfcnvrt@done             cstackBANK0  0000AF
vfpfcnvrt@fmt              cstackBANK0  0000A0
vfpfcnvrt@fp               cstackBANK0  00009E
vfprintf@ap                cstackBANK0  0000B7
vfprintf@cfmt              cstackBANK0  0000B9
vfprintf@fmt               cstackBANK0  0000B5
vfprintf@fp                cstackBANK0  0000B3
wtemp8                     temp         000060


MODULE INFORMATION

Module		Function		Class		Link	Load	Size
C:\Program Files\Microchip\xc8\v2.40\pic\sources\c99\common\sprcmul.c
		___flmul       		CODE           	04D4	0000	1068

C:\Program Files\Microchip\xc8\v2.40\pic\sources\c99\common\sprcmul.c estimated size: 1068

C:\Program Files\Microchip\xc8\v2.40\pic\sources\c99\common\nf_fputc.c
		_fputc         		CODE           	267E	0000	204

C:\Program Files\Microchip\xc8\v2.40\pic\sources\c99\common\nf_fputc.c estimated size: 204

LIBRERIA_LCD.c
		_LCD_Out       		CODE           	2A0E	0000	112
		_LCD_Chr_Cp    		CODE           	2C8C	0000	18
		_LCD_XY        		CODE           	288A	0000	138
		_LCD_Cmd       		CODE           	2C7A	0000	18
		_enviar_dato   		CODE           	233E	0000	306

LIBRERIA_LCD.c estimated size: 592

C:\Program Files\Microchip\xc8\v2.40\pic\sources\c99\common\sprcdiv.c
		___fldiv       		CODE           	0D2A	0000	924

C:\Program Files\Microchip\xc8\v2.40\pic\sources\c99\common\sprcdiv.c estimated size: 924

C:\Program Files\Microchip\xc8\v2.40\pic\sources\c99\common\nf_sprintf.c
		_sprintf       		CODE           	2A7E	0000	82

C:\Program Files\Microchip\xc8\v2.40\pic\sources\c99\common\nf_sprintf.c estimated size: 82

C:\Program Files\Microchip\xc8\v2.40\pic\sources\c99\common\fltol.c
		___fltol       		CODE           	2470	0000	264

C:\Program Files\Microchip\xc8\v2.40\pic\sources\c99\common\fltol.c estimated size: 264

vistas.c
		_vista_principal		CODE           	27FA	0000	144

vistas.c estimated size: 144

C:\Program Files\Microchip\xc8\v2.40\pic\sources\c99\common\isspace.c
		_isspace       		CODE           	2B6A	0000	72

C:\Program Files\Microchip\xc8\v2.40\pic\sources\c99\common\isspace.c estimated size: 72

C:\Program Files\Microchip\xc8\v2.40\pic\sources\c99\common\atoi.c
		_atoi          		CODE           	21F0	0000	334

C:\Program Files\Microchip\xc8\v2.40\pic\sources\c99\common\atoi.c estimated size: 334

C:\Program Files\Microchip\xc8\v2.40\pic\sources\c99\common\Umul16.c
		___wmul        		CODE           	2C22	0000	40

C:\Program Files\Microchip\xc8\v2.40\pic\sources\c99\common\Umul16.c estimated size: 40

PWM_LIB.c
		_PWM_Init      		CODE           	1958	0000	572

PWM_LIB.c estimated size: 572

interrupts.c
		_INTERRUPTS_CONFIG		CODE           	2C4A	0000	28
		_INTERRUPTS    		CODE           	0008	0000	830

interrupts.c estimated size: 858

C:\Program Files\Microchip\xc8\v2.40\pic\sources\c99\common\abs.c
		_abs           		CODE           	2BB2	0000	66

C:\Program Files\Microchip\xc8\v2.40\pic\sources\c99\common\abs.c estimated size: 66

C:\Program Files\Microchip\xc8\v2.40\pic\sources\c99\common\isdigit.c
		_isdigit       		CODE           	2BF4	0000	46

C:\Program Files\Microchip\xc8\v2.40\pic\sources\c99\common\isdigit.c estimated size: 46

C:\Program Files\Microchip\xc8\v2.40\pic\sources\c99\common\sprcadd.c
		___fladd       		CODE           	0012	0000	1218

C:\Program Files\Microchip\xc8\v2.40\pic\sources\c99\common\sprcadd.c estimated size: 1218

funciones.c
		_tmr0_off      		CODE           	2CAE	0000	4
		_operationModeOff		CODE           	2C9E	0000	12
		_contador_off  		CODE           	2CB2	0000	4

funciones.c estimated size: 20

C:\Program Files\Microchip\xc8\v2.40\pic\sources\c99\common\xxtofl.c
		___xxtofl      		CODE           	1B94	0000	440

C:\Program Files\Microchip\xc8\v2.40\pic\sources\c99\common\xxtofl.c estimated size: 440

C:\Program Files\Microchip\xc8\v2.40\pic\sources\c99\common\nf_fputs.c
		_fputs         		CODE           	2B22	0000	72

C:\Program Files\Microchip\xc8\v2.40\pic\sources\c99\common\nf_fputs.c estimated size: 72

C:\Program Files\Microchip\xc8\v2.40\pic\sources\c99\common\aomod.c
		___aomod       		CODE           	208A	0000	358

C:\Program Files\Microchip\xc8\v2.40\pic\sources\c99\common\aomod.c estimated size: 358

shared
		i2___fltol     		CODE           	2578	0000	262
		__initialization		CODE           	299C	0000	100
		i2___flmul     		CODE           	0900	0000	1066
		i2___xxtofl    		CODE           	1D4C	0000	436

shared estimated size: 1864

C:\Program Files\Microchip\xc8\v2.40\pic\sources\c99\common\putch.c
		_putch         		CODE           	2CB6	0000	2

C:\Program Files\Microchip\xc8\v2.40\pic\sources\c99\common\putch.c estimated size: 2

C:\Program Files\Microchip\xc8\v2.40\pic\sources\c99\common\doprnt.c
		_vfpfcnvrt     		CODE           	16B8	0000	672
		_pad           		CODE           	274A	0000	176
		_dtoa          		CODE           	13FE	0000	698
		_vfprintf      		CODE           	2AD0	0000	82

C:\Program Files\Microchip\xc8\v2.40\pic\sources\c99\common\doprnt.c estimated size: 1628

main.c
		_main          		CODE           	2914	0000	136

main.c estimated size: 136

C:\Program Files\Microchip\xc8\v2.40\pic\sources\c99\common\aodiv.c
		___aodiv       		CODE           	1F00	0000	394

C:\Program Files\Microchip\xc8\v2.40\pic\sources\c99\common\aodiv.c estimated size: 394

