Microchip MPLAB XC8 Compiler V2.40

Linker command line:

-W-3 \
  --edf=C:\Program Files\Microchip\xc8\v2.40\pic\dat\20220703182018_en.msgs \
  -cn -h+dist/default/production\CONTROL-SHAKER.production.sym \
  --cmf=dist/default/production\CONTROL-SHAKER.production.cmf -z -Q18F4550 \
  -oC:\Users\ASUS\AppData\Local\Temp\xcAsjqc.4 --defsym=__MPLAB_BUILD=1 \
  --fixupoverflow=error \
  -Mdist/default/production/CONTROL-SHAKER.production.map \
  --md=C:\Users\ASUS\AppData\Local\Temp\xcAsjqc.dat -E1 -ver=XC8 Compiler \
  --acfsm=1493 -ACODE=00h-07FFFh -ACONST=00h-07FFFh \
  -ASMALLCONST=0800h-08FFhx120 -AMEDIUMCONST=0800h-07FFFh -ACOMRAM=01h-05Fh \
  -AABS1=00h-07FFh -ABIGRAM=01h-07FFh -ARAM=060h-0FFh,0100h-01FFhx7 \
  -ABANK0=060h-0FFh -ABANK1=0100h-01FFh -ABANK2=0200h-02FFh \
  -ABANK3=0300h-03FFh -ABANK4=0400h-04FFh -ABANK5=0500h-05FFh \
  -ABANK6=0600h-06FFh -ABANK7=0700h-07FFh -ASFR=0F60h-0FFFh \
  -ABIGSFR=0F60h-0FFFh -ACONFIG=0300000h-030000Dh -AIDLOC=0200000h-0200007h \
  -AEEDATA=0F00000h-0F000FFh -peeprom_data=EEDATA \
  -preset_vec=00h,intcode=08h,intcodelo,powerup,init -pramtop=0800h \
  -psmallconst=SMALLCONST -pmediumconst=MEDIUMCONST -pconst=CONST \
  -AFARRAM=00h-00h \
  -prdata=COMRAM,nvrram=COMRAM,nvbit=COMRAM,rbss=COMRAM,rbit=COMRAM \
  -pfarbss=FARRAM,fardata=FARRAM,nvFARRAM=FARRAM \
  -pintsave_regs=BIGRAM,bigbss=BIGRAM,bigdata=BIGRAM -pbss=RAM \
  -pidata=CODE,irdata=CODE,ibigdata=CODE,ifardata=CODE -prparam=COMRAM \
  C:\Users\ASUS\AppData\Local\Temp\xcAsjqc.o \
  dist/default/production\CONTROL-SHAKER.production.o 

Object code version is 3.11

Machine type is 18F4550



                Name                               Link     Load   Length Selector   Space Scale
C:\Users\ASUS\AppData\Local\Temp\xcAsjqc.o
                idloc                            200000   200000        8        0       5
                config                           300000   300000        E        0       4
                init                                  E        E        4        4       0
                reset_vec                             0        0        4        0       0
dist/default/production\CONTROL-SHAKER.production.o
                intcode                               8        8        6        4       0
                idloc                            200000   200000        8        0       5
                config                           300000   300000        E        0       4
                temp                                 5F       5F        1        1       1
                smallconst                          800      800       DC      400       0
                text37                              8DC      8DC      39A      46E       0
                text36                             1B46     1B46      106      46E       0
                text35                             1422     1422      1B4      46E       0
                text34                             24F0     24F0       26      46E       0
                text33                             2042     2042       9A      46E       0
                text32                             25A0     25A0        4      46E       0
                text31                             259C     259C        4      46E       0
                text30                             1D42     1D42       D4      46E       0
                text29                             249C     249C       2C      46E       0
                text28                             2470     2470       2C      46E       0
                intcode_body                       11D0     11D0      252      46E       0
                text26                             2532     2532       1C      46E       0
                text25                             1A14     1A14      132      46E       0
                text24                             1F92     1F92       B0      46E       0
                text23                             2574     2574       12      46E       0
                text22                             2562     2562       12      46E       0
                text21                             20DC     20DC       8A      46E       0
                text20                             225C     225C       70      46E       0
                text19                             2516     2516       1C      46E       0
                text18                             2598     2598        4      46E       0
                text17                             2586     2586        E      46E       0
                text16                             21EA     21EA       72      46E       0
                text15                             24C8     24C8       28      46E       0
                text14                             2442     2442       2E      46E       0
                text13                             23B8     23B8       48      46E       0
                text12                             18C6     18C6      14E      46E       0
                text11                             15D6     15D6      18A      46E       0
                text10                             1760     1760      166      46E       0
                text9                              2400     2400       42      46E       0
                text8                              25A4     25A4        2      46E       0
                text7                              1E16     1E16       CC      46E       0
                text6                              2370     2370       48      46E       0
                text5                              1EE2     1EE2       B0      46E       0
                text4                               C76      C76      2BA      46E       0
                text3                               F30      F30      2A0      46E       0
                text2                              231E     231E       52      46E       0
                text1                              22CC     22CC       52      46E       0
                text0                              1C4C     1C4C       F6      46E       0
                cstackCOMRAM                          1        1       41        1       1
                cstackBANK0                          60       60       73       60       1
                dataBANK1                           128      128       14      100       1
                bssBANK1                            100      100       28      100       1
                dataBANK0                            FA       FA        4       60       1
                bssBANK0                             D3       D3       27       60       1
                dataCOMRAM                           5E       5E        1        1       1
                bssCOMRAM                            42       42       1C        1       1
                cinit                              2166     2166       84      46E       0
                idataBANK1                         254E     254E       14      46E       0
                idataBANK0                         2594     2594        4      46E       0
                idataCOMRAM                        25A6     25A6        1      46E       0

TOTAL           Name                               Link     Load   Length     Space
        CLASS   CODE           
                intcode                               8        8        6         0
                init                                  E        E        4         0
                reset_vec                             0        0        4         0
                text37                              8DC      8DC      39A         0
                text36                             1B46     1B46      106         0
                text35                             1422     1422      1B4         0
                text34                             24F0     24F0       26         0
                text33                             2042     2042       9A         0
                text32                             25A0     25A0        4         0
                text31                             259C     259C        4         0
                text30                             1D42     1D42       D4         0
                text29                             249C     249C       2C         0
                text28                             2470     2470       2C         0
                intcode_body                       11D0     11D0      252         0
                text26                             2532     2532       1C         0
                text25                             1A14     1A14      132         0
                text24                             1F92     1F92       B0         0
                text23                             2574     2574       12         0
                text22                             2562     2562       12         0
                text21                             20DC     20DC       8A         0
                text20                             225C     225C       70         0
                text19                             2516     2516       1C         0
                text18                             2598     2598        4         0
                text17                             2586     2586        E         0
                text16                             21EA     21EA       72         0
                text15                             24C8     24C8       28         0
                text14                             2442     2442       2E         0
                text13                             23B8     23B8       48         0
                text12                             18C6     18C6      14E         0
                text11                             15D6     15D6      18A         0
                text10                             1760     1760      166         0
                text9                              2400     2400       42         0
                text8                              25A4     25A4        2         0
                text7                              1E16     1E16       CC         0
                text6                              2370     2370       48         0
                text5                              1EE2     1EE2       B0         0
                text4                               C76      C76      2BA         0
                text3                               F30      F30      2A0         0
                text2                              231E     231E       52         0
                text1                              22CC     22CC       52         0
                text0                              1C4C     1C4C       F6         0
                cinit                              2166     2166       84         0
                idataBANK1                         254E     254E       14         0
                idataBANK0                         2594     2594        4         0
                idataCOMRAM                        25A6     25A6        1         0

        CLASS   CONST          

        CLASS   SMALLCONST     
                smallconst                          800      800       DC         0

        CLASS   MEDIUMCONST    

        CLASS   COMRAM         
                temp                                 5F       5F        1         1
                cstackCOMRAM                          1        1       41         1
                dataCOMRAM                           5E       5E        1         1
                bssCOMRAM                            42       42       1C         1

        CLASS   ABS1           

        CLASS   BIGRAM         

        CLASS   RAM            

        CLASS   BANK0          
                cstackBANK0                          60       60       73         1
                dataBANK0                            FA       FA        4         1
                bssBANK0                             D3       D3       27         1

        CLASS   BANK1          
                dataBANK1                           128      128       14         1
                bssBANK1                            100      100       28         1

        CLASS   BANK2          

        CLASS   BANK3          

        CLASS   BANK4          

        CLASS   BANK5          

        CLASS   BANK6          

        CLASS   BANK7          

        CLASS   SFR            

        CLASS   BIGSFR         

        CLASS   CONFIG         
                config                           300000   300000        E         4

        CLASS   IDLOC          
                idloc                            200000   200000        8         5

        CLASS   EEDATA         

        CLASS   FARRAM         

        CLASS   HEAP           

        CLASS   STACK          



SEGMENTS        Name                           Load    Length   Top    Selector   Space  Class

                reset_vec                      000000  000004  000004         0       0  CODE    
                cstackCOMRAM                   000001  00005F  000060         1       1  COMRAM  
                intcode                        000008  00000A  000012         4       0  CODE    
                cstackBANK0                    000060  00009E  0000FE        60       1  BANK0   
                bssBANK1                       000100  00003C  00013C       100       1  BANK1   
                smallconst                     000800  0000DC  0008DC       400       0  SMALLCON
                text37                         0008DC  001CCB  0025A7       46E       0  CODE    


UNUSED ADDRESS RANGES

        Name                Unused          Largest block    Delta
        BANK0            0000FE-0000FF                2
        BANK1            00013C-0001FF               C4
        BANK2            000200-0002FF              100
        BANK3            000300-0003FF              100
        BANK4            000400-0004FF              100
        BANK5            000500-0005FF              100
        BANK6            000600-0006FF              100
        BANK7            000700-0007FF              100
        BIGRAM           0000FE-0000FF                2
                         00013C-0007FF              6C4
        BIGSFR           000F60-000FFF               A0
        CODE             000004-000007                4
                         000012-0007FF              7EE
                         0025A7-007FFF             5A59
        CONST            000004-000007                4
                         000012-0007FF              7EE
                         0025A7-007FFF             5A59
        EEDATA           F00000-F000FF              100
        MEDIUMCONST      0025A7-007FFF             5A59
        RAM              0000FE-0000FF                2
                         00013C-0007FF              100
        SFR              000F60-000FFF               A0
        SMALLCONST       0025A7-007FFF              100

                                  Symbol Table

?___aodiv                    cstackBANK0  000060
?___aomod                    cstackBANK0  000060
?___fldiv                    cstackCOMRAM 000015
?___fltol                    cstackCOMRAM 00002E
?___wmul                     cstackBANK0  000060
?___xxtofl                   cstackCOMRAM 000007
?_abs                        cstackBANK0  000072
?_atoi                       cstackBANK0  000066
?_isdigit                    cstackBANK0  000060
?_isspace                    cstackBANK0  000060
?_leer_rpm                   cstackBANK0  000062
?_sprintf                    cstackBANK0  0000BB
?_vfprintf                   cstackBANK0  0000B3
?i2___wmul                   cstackCOMRAM 000001
EEPROM_Guardar@data          cstackCOMRAM 000003
EEPROM_Guardar@dir           cstackCOMRAM 000001
EEPROM_Lectura@dir           cstackBANK0  000060
LCD_Chr_Cp@letra             cstackBANK0  000063
LCD_Cmd@cmd                  cstackBANK0  000063
LCD_Out@column               cstackBANK0  000068
LCD_Out@row                  cstackBANK0  00006B
LCD_Out@text                 cstackBANK0  000069
LCD_XY@column                cstackBANK0  000064
LCD_XY@row                   cstackBANK0  000067
PWM_Duty@ciclo_t             cstackCOMRAM 00003A
PWM_Duty@nuevoclico          cstackCOMRAM 00003B
_ADCON1                      (abs)        000FC1
_CCP1CONbits                 (abs)        000FBD
_CCPR1H                      (abs)        000FBF
_CCPR1L                      (abs)        000FBE
_EEADR                       (abs)        000FA9
_EECON1bits                  (abs)        000FA6
_EECON2                      (abs)        000FA7
_EEDATA                      (abs)        000FA8
_EEPROM_Guardar              text29       00249C
_EEPROM_Lectura              text17       002586
_INTCON2bits                 (abs)        000FF1
_INTCON3bits                 (abs)        000FF0
_INTCONbits                  (abs)        000FF2
_INTERRUPTS                  intcode      000008
_INTERRUPTS_CONFIG           text26       002532
_LATCbits                    (abs)        000F8B
_LATDbits                    (abs)        000F8C
_LCD_Chr_Cp                  text23       002574
_LCD_Cmd                     text22       002562
_LCD_Init                    text24       001F92
_LCD_Out                     text20       00225C
_LCD_XY                      text21       0020DC
_PIE1bits                    (abs)        000F9D
_PIR1bits                    (abs)        000F9E
_PIR2bits                    (abs)        000FA1
_PORTBbits                   (abs)        000F81
_PR2                         (abs)        000FCB
_PWM_Duty                    text33       002042
_PWM_Start                   text32       0025A0
_PWM_Stop                    text31       00259C
_T0CON                       (abs)        000FD5
_T1CONbits                   (abs)        000FCD
_T2CON                       (abs)        000FCA
_T2CONbits                   (abs)        000FCA
_TMR0H                       (abs)        000FD7
_TMR0IE                      (abs)        007F95
_TMR0IF                      (abs)        007F92
_TMR0L                       (abs)        000FD6
_TMR1H                       (abs)        000FCF
_TMR1IE                      (abs)        007CE8
_TMR1L                       (abs)        000FCE
_TMR2                        (abs)        000FCC
_TRISCbits                   (abs)        000F94
_TRISDbits                   (abs)        000F95
__HRAM                       (abs)        000000
__Habs1                      abs1         000000
__Hbank0                     bank0        000000
__Hbank1                     bank1        000000
__Hbank2                     bank2        000000
__Hbank3                     bank3        000000
__Hbank4                     bank4        000000
__Hbank5                     bank5        000000
__Hbank6                     bank6        000000
__Hbank7                     bank7        000000
__Hbigbss                    bigbss       000000
__Hbigdata                   bigdata      000000
__Hbigram                    bigram       000000
__Hbigsfr                    bigsfr       000000
__Hbss                       bss          000000
__HbssBANK0                  bssBANK0     000000
__HbssBANK1                  bssBANK1     000000
__HbssCOMRAM                 bssCOMRAM    000000
__Hcinit                     cinit        000000
__Hclrtext                   clrtext      000000
__Hcomram                    comram       000000
__Hconfig                    config       30000E
__Hconst                     const        000000
__HcstackBANK0               cstackBANK0  000000
__HcstackCOMRAM              cstackCOMRAM 000000
__Hdata                      data         000000
__HdataBANK0                 dataBANK0    000000
__HdataBANK1                 dataBANK1    000000
__HdataCOMRAM                dataCOMRAM   000000
__Heeprom_data               eeprom_data  000000
__Hfarbss                    farbss       000000
__Hfardata                   fardata      000000
__Hheap                      heap         000000
__Hibigdata                  ibigdata     000000
__Hidata                     idata        000000
__HidataBANK0                idataBANK0   000000
__HidataBANK1                idataBANK1   000000
__HidataCOMRAM               idataCOMRAM  000000
__Hidloc                     idloc        200008
__Hifardata                  ifardata     000000
__Hinit                      init         000012
__Hintcode                   intcode      00000E
__Hintcode_body              intcode_body 000000
__Hintcodelo                 intcodelo    00000E
__Hintentry                  intentry     000000
__Hintret                    intret       000000
__Hintsave_regs              intsave_regs 000000
__Hirdata                    irdata       000000
__Hmediumconst               mediumconst  000000
__HnvFARRAM                  nvFARRAM     000000
__Hnvbit                     nvbit        000000
__Hnvrram                    nvrram       000000
__Hparam                     rparam       000000
__Hpowerup                   powerup      00000E
__Hram                       ram          000000
__Hramtop                    ramtop       000800
__Hrbit                      rbit         000000
__Hrbss                      rbss         000000
__Hrdata                     rdata        000000
__Hreset_vec                 reset_vec    000004
__Hrparam                    rparam       000000
__Hsfr                       sfr          000000
__Hsmallconst                smallconst   0008DC
__Hspace_0                   (abs)        0025A7
__Hspace_1                   (abs)        00013C
__Hspace_2                   (abs)        000000
__Hspace_4                   (abs)        60000E
__Hstack                     stack        000000
__Hstruct                    struct       000000
__Htemp                      temp         000060
__Htext                      text         000000
__Htext0                     text0        000000
__Htext1                     text1        000000
__Htext10                    text10       000000
__Htext11                    text11       000000
__Htext12                    text12       000000
__Htext13                    text13       000000
__Htext14                    text14       000000
__Htext15                    text15       000000
__Htext16                    text16       000000
__Htext17                    text17       000000
__Htext18                    text18       000000
__Htext19                    text19       000000
__Htext2                     text2        000000
__Htext20                    text20       000000
__Htext21                    text21       000000
__Htext22                    text22       000000
__Htext23                    text23       000000
__Htext24                    text24       000000
__Htext25                    text25       000000
__Htext26                    text26       000000
__Htext28                    text28       000000
__Htext29                    text29       000000
__Htext3                     text3        000000
__Htext30                    text30       000000
__Htext31                    text31       000000
__Htext32                    text32       000000
__Htext33                    text33       000000
__Htext34                    text34       000000
__Htext35                    text35       000000
__Htext36                    text36       000000
__Htext37                    text37       000000
__Htext4                     text4        000000
__Htext5                     text5        000000
__Htext6                     text6        000000
__Htext7                     text7        000000
__Htext8                     text8        000000
__Htext9                     text9        000000
__LRAM                       (abs)        000001
__Labs1                      abs1         000000
__Lbank0                     bank0        000000
__Lbank1                     bank1        000000
__Lbank2                     bank2        000000
__Lbank3                     bank3        000000
__Lbank4                     bank4        000000
__Lbank5                     bank5        000000
__Lbank6                     bank6        000000
__Lbank7                     bank7        000000
__Lbigbss                    bigbss       000000
__Lbigdata                   bigdata      000000
__Lbigram                    bigram       000000
__Lbigsfr                    bigsfr       000000
__Lbss                       bss          000000
__LbssBANK0                  bssBANK0     000000
__LbssBANK1                  bssBANK1     000000
__LbssCOMRAM                 bssCOMRAM    000000
__Lcinit                     cinit        000000
__Lclrtext                   clrtext      000000
__Lcomram                    comram       000000
__Lconfig                    config       000000
__Lconst                     const        000000
__LcstackBANK0               cstackBANK0  000000
__LcstackCOMRAM              cstackCOMRAM 000000
__Ldata                      data         000000
__LdataBANK0                 dataBANK0    000000
__LdataBANK1                 dataBANK1    000000
__LdataCOMRAM                dataCOMRAM   000000
__Leeprom_data               eeprom_data  000000
__Lfarbss                    farbss       000000
__Lfardata                   fardata      000000
__Lheap                      heap         000000
__Libigdata                  ibigdata     000000
__Lidata                     idata        000000
__LidataBANK0                idataBANK0   000000
__LidataBANK1                idataBANK1   000000
__LidataCOMRAM               idataCOMRAM  000000
__Lidloc                     idloc        000000
__Lifardata                  ifardata     000000
__Linit                      init         00000E
__Lintcode                   intcode      000008
__Lintcode_body              intcode_body 000000
__Lintcodelo                 intcodelo    00000E
__Lintentry                  intentry     000000
__Lintret                    intret       000000
__Lintsave_regs              intsave_regs 000000
__Lirdata                    irdata       000000
__Lmediumconst               mediumconst  000000
__LnvFARRAM                  nvFARRAM     000000
__Lnvbit                     nvbit        000000
__Lnvrram                    nvrram       000000
__Lparam                     rparam       000000
__Lpowerup                   powerup      00000E
__Lram                       ram          000000
__Lramtop                    ramtop       000800
__Lrbit                      rbit         000000
__Lrbss                      rbss         000000
__Lrdata                     rdata        000000
__Lreset_vec                 reset_vec    000000
__Lrparam                    rparam       000000
__Lsfr                       sfr          000000
__Lsmallconst                smallconst   000800
__Lspace_0                   (abs)        000000
__Lspace_1                   (abs)        000000
__Lspace_2                   (abs)        000000
__Lspace_4                   (abs)        000000
__Lstack                     stack        000000
__Lstruct                    struct       000000
__Ltemp                      temp         00005F
__Ltext                      text         000000
__Ltext0                     text0        000000
__Ltext1                     text1        000000
__Ltext10                    text10       000000
__Ltext11                    text11       000000
__Ltext12                    text12       000000
__Ltext13                    text13       000000
__Ltext14                    text14       000000
__Ltext15                    text15       000000
__Ltext16                    text16       000000
__Ltext17                    text17       000000
__Ltext18                    text18       000000
__Ltext19                    text19       000000
__Ltext2                     text2        000000
__Ltext20                    text20       000000
__Ltext21                    text21       000000
__Ltext22                    text22       000000
__Ltext23                    text23       000000
__Ltext24                    text24       000000
__Ltext25                    text25       000000
__Ltext26                    text26       000000
__Ltext28                    text28       000000
__Ltext29                    text29       000000
__Ltext3                     text3        000000
__Ltext30                    text30       000000
__Ltext31                    text31       000000
__Ltext32                    text32       000000
__Ltext33                    text33       000000
__Ltext34                    text34       000000
__Ltext35                    text35       000000
__Ltext36                    text36       000000
__Ltext37                    text37       000000
__Ltext4                     text4        000000
__Ltext5                     text5        000000
__Ltext6                     text6        000000
__Ltext7                     text7        000000
__Ltext8                     text8        000000
__Ltext9                     text9        000000
__S0                         (abs)        0025A7
__S1                         (abs)        00013C
__S4                         (abs)        000000
__S5                         (abs)        000000
___aodiv                     text11       0015D6
___aodiv@counter             cstackBANK0  000070
___aodiv@dividend            cstackBANK0  000060
___aodiv@divisor             cstackBANK0  000068
___aodiv@quotient            cstackBANK0  000072
___aodiv@sign                cstackBANK0  000071
___aomod                     text10       001760
___aomod@counter             cstackBANK0  000070
___aomod@dividend            cstackBANK0  000060
___aomod@divisor             cstackBANK0  000068
___aomod@sign                cstackBANK0  000071
___fldiv                     text37       0008DC
___fldiv@a                   cstackCOMRAM 000019
___fldiv@aexp                cstackCOMRAM 00002D
___fldiv@b                   cstackCOMRAM 000015
___fldiv@bexp                cstackCOMRAM 00002C
___fldiv@grs                 cstackCOMRAM 000028
___fldiv@new_exp             cstackCOMRAM 000026
___fldiv@rem                 cstackCOMRAM 000021
___fldiv@sign                cstackCOMRAM 000025
___fltol                     text36       001B46
___fltol@exp1                cstackCOMRAM 000037
___fltol@f1                  cstackCOMRAM 00002E
___fltol@sign1               cstackCOMRAM 000036
___heap_hi                   (abs)        000000
___heap_lo                   (abs)        000000
___inthi_sp                  stack        000000
___intlo_sp                  stack        000000
___param_bank                (abs)        000000
___rparam_used               (abs)        000001
___sp                        stack        000000
___wmul                      text15       0024C8
___wmul@multiplicand         cstackBANK0  000062
___wmul@multiplier           cstackBANK0  000060
___wmul@product              cstackBANK0  000064
___xxtofl                    text35       001422
___xxtofl@arg                cstackCOMRAM 000011
___xxtofl@exp                cstackCOMRAM 000010
___xxtofl@sign               cstackCOMRAM 00000F
___xxtofl@val                cstackCOMRAM 000007
__accesstop                  (abs)        000060
__activetblptr               (abs)        000002
__end_of_EEPROM_Guardar      text29       0024C8
__end_of_EEPROM_Lectura      text17       002594
__end_of_INTERRUPTS          intcode_body 001422
__end_of_INTERRUPTS_CONFIG   text26       00254E
__end_of_LCD_Chr_Cp          text23       002586
__end_of_LCD_Cmd             text22       002574
__end_of_LCD_Init            text24       002042
__end_of_LCD_Out             text20       0022CC
__end_of_LCD_XY              text21       002166
__end_of_PWM_Duty            text33       0020DC
__end_of_PWM_Start           text32       0025A4
__end_of_PWM_Stop            text31       0025A0
__end_of___aodiv             text11       001760
__end_of___aomod             text10       0018C6
__end_of___fldiv             text37       000C76
__end_of___fltol             text36       001C4C
__end_of___wmul              text15       0024F0
__end_of___xxtofl            text35       0015D6
__end_of__initialization     cinit        0021DC
__end_of_abs                 text9        002442
__end_of_atoi                text12       001A14
__end_of_calcular_rpm        text30       001E16
__end_of_ccp1_config         text19       002532
__end_of_ccp1_init           text18       00259C
__end_of_dtoa                text4        000F30
__end_of_enviar_dato         text25       001B46
__end_of_fputc               text7        001EE2
__end_of_fputs               text6        0023B8
__end_of_guardar_rpm         text28       00249C
__end_of_isdigit             text14       002470
__end_of_isspace             text13       002400
__end_of_leer_rpm            text16       00225C
__end_of_main                text0        001D42
__end_of_pad                 text5        001F92
__end_of_putch               text8        0025A6
__end_of_sprintf             text1        00231E
__end_of_vfpfcnvrt           text3        0011D0
__end_of_vfprintf            text2        002370
__end_ofi2___wmul            text34       002516
__initialization             cinit        002166
__mediumconst                mediumconst  000000
__pbssBANK0                  bssBANK0     0000D3
__pbssBANK1                  bssBANK1     000100
__pbssCOMRAM                 bssCOMRAM    000042
__pcinit                     cinit        002166
__pcstackBANK0               cstackBANK0  000060
__pcstackCOMRAM              cstackCOMRAM 000001
__pdataBANK0                 dataBANK0    0000FA
__pdataBANK1                 dataBANK1    000128
__pdataCOMRAM                dataCOMRAM   00005E
__pidataBANK0                idataBANK0   002594
__pidataBANK1                idataBANK1   00254E
__pidataCOMRAM               idataCOMRAM  0025A6
__pintcode                   intcode      000008
__pintcode_body              intcode_body 0011D0
__psmallconst                smallconst   000800
__ptext0                     text0        001C4C
__ptext1                     text1        0022CC
__ptext10                    text10       001760
__ptext11                    text11       0015D6
__ptext12                    text12       0018C6
__ptext13                    text13       0023B8
__ptext14                    text14       002442
__ptext15                    text15       0024C8
__ptext16                    text16       0021EA
__ptext17                    text17       002586
__ptext18                    text18       002598
__ptext19                    text19       002516
__ptext2                     text2        00231E
__ptext20                    text20       00225C
__ptext21                    text21       0020DC
__ptext22                    text22       002562
__ptext23                    text23       002574
__ptext24                    text24       001F92
__ptext25                    text25       001A14
__ptext26                    text26       002532
__ptext28                    text28       002470
__ptext29                    text29       00249C
__ptext3                     text3        000F30
__ptext30                    text30       001D42
__ptext31                    text31       00259C
__ptext32                    text32       0025A0
__ptext33                    text33       002042
__ptext34                    text34       0024F0
__ptext35                    text35       001422
__ptext36                    text36       001B46
__ptext37                    text37       0008DC
__ptext4                     text4        000C76
__ptext5                     text5        001EE2
__ptext6                     text6        002370
__ptext7                     text7        001E16
__ptext8                     text8        0025A4
__ptext9                     text9        002400
__ramtop                     ramtop       000800
__smallconst                 smallconst   000800
_abs                         text9        002400
_atoi                        text12       0018C6
_aux                         dataBANK1    000128
_calcular_rpm                text30       001D42
_ccp1_config                 text19       002516
_ccp1_init                   text18       002598
_contador_cruce              bssBANK0     0000EF
_dbuf                        bssBANK1     000108
_dtoa                        text4        000C76
_dtoa$1586                   cstackBANK0  00008D
_duty                        bssCOMRAM    00005A
_enviar_dato                 text25       001A14
_error_acumulado             bssCOMRAM    00004A
_error_anterior              bssBANK0     0000DF
_fin_ciclo                   bssCOMRAM    00005B
_flags                       bssBANK0     0000F9
_fputc                       text7        001E16
_fputs                       text6        002370
_guardar_rpm                 text28       002470
_horas                       bssCOMRAM    000056
_isdigit                     text14       002442
_isspace                     text13       0023B8
_isspace$1635                cstackBANK0  000064
_kd                          bssBANK1     000104
_ki                          bssBANK0     0000E3
_kp                          dataBANK0    0000FA
_leer_rpm                    text16       0021EA
_main                        text0        001C4C
_minutos                     bssCOMRAM    000054
_pad                         text5        001EE2
_prec                        bssBANK0     0000ED
_pulsos_por_revolucion       dataCOMRAM   00005E
_putch                       text8        0025A4
_pwm_flag                    bssCOMRAM    00005D
_reg10bits                   bssCOMRAM    00004E
_rpm                         bssBANK0     0000F7
_salida                      bssBANK0     0000E7
_segundos                    bssCOMRAM    000052
_set_point                   bssBANK1     000100
_setpoint_horas              bssBANK0     0000F5
_setpoint_minutos            bssBANK0     0000F3
_setpoint_rpm                bssCOMRAM    000058
_setpoint_segundos           bssBANK0     0000F1
_sprintf                     text1        0022CC
_tiempo_total                bssCOMRAM    000050
_ud                          bssBANK0     0000D3
_ui                          bssCOMRAM    000046
_ui_                         bssBANK0     0000D7
_up                          bssBANK0     0000DB
_ut                          bssCOMRAM    000042
_vfpfcnvrt                   text3        000F30
_vfprintf                    text2        00231E
_vista                       bssCOMRAM    00005C
_width                       bssBANK0     0000EB
abs@a                        cstackBANK0  000072
atoi@n                       cstackBANK0  00006D
atoi@neg                     cstackBANK0  00006B
atoi@s                       cstackBANK0  000066
btemp                        temp         00005F
calcular_rpm@periodoSegundos cstackCOMRAM 00003A
dtoa@d                       cstackBANK0  00007D
dtoa@fp                      cstackBANK0  00007B
dtoa@i                       cstackBANK0  00009B
dtoa@n                       cstackBANK0  000093
dtoa@p                       cstackBANK0  00008F
dtoa@s                       cstackBANK0  00009D
dtoa@w                       cstackBANK0  000091
end_of_initialization        cinit        0021DC
enviar_dato@cmd              cstackBANK0  000062
fputc@c                      cstackBANK0  000060
fputc@fp                     cstackBANK0  000062
fputs@c                      cstackBANK0  00006D
fputs@fp                     cstackBANK0  00006B
fputs@i                      cstackBANK0  00006E
fputs@s                      cstackBANK0  000069
guardar_rpm@byte1            cstackCOMRAM 000006
guardar_rpm@byte2            cstackCOMRAM 000007
guardar_rpm@dato             cstackCOMRAM 000004
i2___wmul                    text34       0024F0
i2___wmul@multiplicand       cstackCOMRAM 000003
i2___wmul@multiplier         cstackCOMRAM 000001
i2___wmul@product            cstackCOMRAM 000005
int$flags                    temp         00005F
int_func                     intcode_body 0011D0
intlevel0                    text         000000
intlevel1                    text         000000
intlevel2                    text         000000
intlevel3                    text         000000
isa$std                      (abs)        000001
isa$xinst                    (abs)        000000
isdigit@c                    cstackBANK0  000060
isspace@c                    cstackBANK0  000060
leer_rpm@byte1               cstackBANK0  000068
leer_rpm@byte2               cstackBANK0  000069
leer_rpm@dato                cstackBANK0  000066
pad@buf                      cstackBANK0  000072
pad@fp                       cstackBANK0  000070
pad@i                        cstackBANK0  000077
pad@p                        cstackBANK0  000074
pad@w                        cstackBANK0  000079
sprintf@ap                   cstackBANK0  0000C5
sprintf@f                    cstackBANK0  0000C7
sprintf@fmt                  cstackBANK0  0000BD
sprintf@s                    cstackBANK0  0000BB
stackhi                      (abs)        000000
stacklo                      (abs)        000000
start                        init         00000E
start_initialization         cinit        002166
ttemp5                       temp         000060
ttemp6                       temp         000063
ttemp7                       temp         000067
vfpfcnvrt@ap                 cstackBANK0  0000A2
vfpfcnvrt@convarg            cstackBANK0  0000A7
vfpfcnvrt@cp                 cstackBANK0  0000B1
vfpfcnvrt@done               cstackBANK0  0000AF
vfpfcnvrt@fmt                cstackBANK0  0000A0
vfpfcnvrt@fp                 cstackBANK0  00009E
vfprintf@ap                  cstackBANK0  0000B7
vfprintf@cfmt                cstackBANK0  0000B9
vfprintf@fmt                 cstackBANK0  0000B5
vfprintf@fp                  cstackBANK0  0000B3
wtemp8                       temp         000060


MODULE INFORMATION

Module		Function		Class		Link	Load	Size
C:\Program Files\Microchip\xc8\v2.40\pic\sources\c99\common\nf_fputc.c
		_fputc         		CODE           	1E16	0000	204

C:\Program Files\Microchip\xc8\v2.40\pic\sources\c99\common\nf_fputc.c estimated size: 204

LIBRERIA_LCD.c
		_LCD_Init      		CODE           	1F92	0000	176
		_LCD_Out       		CODE           	225C	0000	112
		_LCD_Chr_Cp    		CODE           	2574	0000	18
		_LCD_XY        		CODE           	20DC	0000	138
		_LCD_Cmd       		CODE           	2562	0000	18
		_enviar_dato   		CODE           	1A14	0000	306

LIBRERIA_LCD.c estimated size: 768

C:\Program Files\Microchip\xc8\v2.40\pic\sources\c99\common\sprcdiv.c
		___fldiv       		CODE           	08DC	0000	922

C:\Program Files\Microchip\xc8\v2.40\pic\sources\c99\common\sprcdiv.c estimated size: 922

C:\Program Files\Microchip\xc8\v2.40\pic\sources\c99\common\nf_sprintf.c
		_sprintf       		CODE           	22CC	0000	82

C:\Program Files\Microchip\xc8\v2.40\pic\sources\c99\common\nf_sprintf.c estimated size: 82

C:\Program Files\Microchip\xc8\v2.40\pic\sources\c99\common\fltol.c
		___fltol       		CODE           	1B46	0000	262

C:\Program Files\Microchip\xc8\v2.40\pic\sources\c99\common\fltol.c estimated size: 262

C:\Program Files\Microchip\xc8\v2.40\pic\sources\c99\common\isspace.c
		_isspace       		CODE           	23B8	0000	72

C:\Program Files\Microchip\xc8\v2.40\pic\sources\c99\common\isspace.c estimated size: 72

C:\Program Files\Microchip\xc8\v2.40\pic\sources\c99\common\atoi.c
		_atoi          		CODE           	18C6	0000	334

C:\Program Files\Microchip\xc8\v2.40\pic\sources\c99\common\atoi.c estimated size: 334

C:\Program Files\Microchip\xc8\v2.40\pic\sources\c99\common\Umul16.c
		___wmul        		CODE           	24C8	0000	40

C:\Program Files\Microchip\xc8\v2.40\pic\sources\c99\common\Umul16.c estimated size: 40

PWM_LIB.c
		_PWM_Duty      		CODE           	2042	0000	154
		_PWM_Start     		CODE           	25A0	0000	4
		_PWM_Stop      		CODE           	259C	0000	4

PWM_LIB.c estimated size: 162

interrupts.c
		_INTERRUPTS_CONFIG		CODE           	2532	0000	28
		_INTERRUPTS    		CODE           	0008	0000	600

interrupts.c estimated size: 628

C:\Program Files\Microchip\xc8\v2.40\pic\sources\c99\common\abs.c
		_abs           		CODE           	2400	0000	66

C:\Program Files\Microchip\xc8\v2.40\pic\sources\c99\common\abs.c estimated size: 66

C:\Program Files\Microchip\xc8\v2.40\pic\sources\c99\common\isdigit.c
		_isdigit       		CODE           	2442	0000	46

C:\Program Files\Microchip\xc8\v2.40\pic\sources\c99\common\isdigit.c estimated size: 46

EEPROM_LIB.c
		_EEPROM_Lectura		CODE           	2586	0000	14
		_EEPROM_Guardar		CODE           	249C	0000	44

EEPROM_LIB.c estimated size: 58

funciones.c
		_ccp1_config   		CODE           	2516	0000	28
		_leer_rpm      		CODE           	21EA	0000	114
		_ccp1_init     		CODE           	2598	0000	4
		_calcular_rpm  		CODE           	1D42	0000	212
		_guardar_rpm   		CODE           	2470	0000	44

funciones.c estimated size: 402

C:\Program Files\Microchip\xc8\v2.40\pic\sources\c99\common\xxtofl.c
		___xxtofl      		CODE           	1422	0000	436

C:\Program Files\Microchip\xc8\v2.40\pic\sources\c99\common\xxtofl.c estimated size: 436

C:\Program Files\Microchip\xc8\v2.40\pic\sources\c99\common\nf_fputs.c
		_fputs         		CODE           	2370	0000	72

C:\Program Files\Microchip\xc8\v2.40\pic\sources\c99\common\nf_fputs.c estimated size: 72

C:\Program Files\Microchip\xc8\v2.40\pic\sources\c99\common\aomod.c
		___aomod       		CODE           	1760	0000	358

C:\Program Files\Microchip\xc8\v2.40\pic\sources\c99\common\aomod.c estimated size: 358

shared
		i2___wmul      		CODE           	24F0	0000	38
		__initialization		CODE           	2166	0000	118

shared estimated size: 156

C:\Program Files\Microchip\xc8\v2.40\pic\sources\c99\common\putch.c
		_putch         		CODE           	25A4	0000	2

C:\Program Files\Microchip\xc8\v2.40\pic\sources\c99\common\putch.c estimated size: 2

C:\Program Files\Microchip\xc8\v2.40\pic\sources\c99\common\doprnt.c
		_vfpfcnvrt     		CODE           	0F30	0000	672
		_pad           		CODE           	1EE2	0000	176
		_dtoa          		CODE           	0C76	0000	698
		_vfprintf      		CODE           	231E	0000	82

C:\Program Files\Microchip\xc8\v2.40\pic\sources\c99\common\doprnt.c estimated size: 1628

main.c
		_main          		CODE           	1C4C	0000	246

main.c estimated size: 246

C:\Program Files\Microchip\xc8\v2.40\pic\sources\c99\common\aodiv.c
		___aodiv       		CODE           	15D6	0000	394

C:\Program Files\Microchip\xc8\v2.40\pic\sources\c99\common\aodiv.c estimated size: 394

