Microchip MPLAB XC8 Compiler V2.40

Linker command line:

-W-3 \
  --edf=C:\Program Files\Microchip\xc8\v2.40\pic\dat\20220703182018_en.msgs \
  -cn -h+dist/default/production\PIDApp.X.production.sym \
  --cmf=dist/default/production\PIDApp.X.production.cmf -z -Q18F4550 \
  -oC:\Users\ASUS\AppData\Local\Temp\xcAsgn8.5 --defsym=__MPLAB_BUILD=1 \
  --fixupoverflow=error -Mdist/default/production/PIDApp.X.production.map \
  --md=C:\Users\ASUS\AppData\Local\Temp\xcAsgn8.dat -E1 -ver=XC8 Compiler \
  --acfsm=1493 -ACODE=00h-07FFFh -ACONST=00h-07FFFh \
  -ASMALLCONST=0800h-08FFhx120 -AMEDIUMCONST=0800h-07FFFh -ACOMRAM=01h-05Fh \
  -AABS1=00h-07FFh -ABIGRAM=01h-07FFh -ARAM=060h-0FFh,0100h-01FFhx7 \
  -ABANK0=060h-0FFh -ABANK1=0100h-01FFh -ABANK2=0200h-02FFh \
  -ABANK3=0300h-03FFh -ABANK4=0400h-04FFh -ABANK5=0500h-05FFh \
  -ABANK6=0600h-06FFh -ABANK7=0700h-07FFh -ASFR=0F60h-0FFFh \
  -ABIGSFR=0F60h-0FFFh -ACONFIG=0300000h-030000Dh -AIDLOC=0200000h-0200007h \
  -AEEDATA=0F00000h-0F000FFh -peeprom_data=EEDATA \
  -preset_vec=00h,intcode=08h,intcodelo,powerup,init -pramtop=0800h \
  -psmallconst=SMALLCONST -pmediumconst=MEDIUMCONST -pconst=CONST \
  -AFARRAM=00h-00h \
  -prdata=COMRAM,nvrram=COMRAM,nvbit=COMRAM,rbss=COMRAM,rbit=COMRAM \
  -pfarbss=FARRAM,fardata=FARRAM,nvFARRAM=FARRAM \
  -pintsave_regs=BIGRAM,bigbss=BIGRAM,bigdata=BIGRAM -pbss=RAM \
  -pidata=CODE,irdata=CODE,ibigdata=CODE,ifardata=CODE -prparam=COMRAM \
  C:\Users\ASUS\AppData\Local\Temp\xcAsgn8.o \
  dist/default/production\PIDApp.X.production.o 

Object code version is 3.11

Machine type is 18F4550



                Name                               Link     Load   Length Selector   Space Scale
C:\Users\ASUS\AppData\Local\Temp\xcAsgn8.o
                idloc                            200000   200000        8        0       5
                config                           300000   300000        E        0       4
                init                                  E        E        4        4       0
                reset_vec                             0        0        4        0       0
dist/default/production\PIDApp.X.production.o
                intcode                               8        8        6        4       0
                idloc                            200000   200000        8        0       5
                config                           300000   300000        E        0       4
                temp                                 5D       5D        1        1       1
                smallconst                          800      800       4C      400       0
                text39                             113A     113A      42A      426       0
                text38                             2EAE     2EAE      106      426       0
                text37                             37A2     37A2       26      426       0
                text36                             257C     257C      1B4      426       0
                intcode_body                       3168     3168       B2      426       0
                text34                             2B6E     2B6E      132      426       0
                text33                             32CA     32CA       B0      426       0
                text32                             3812     3812       12      426       0
                text31                             3800     3800       12      426       0
                text30                             3428     3428       8A      426       0
                text29                             34B2     34B2       70      426       0
                text28                             1564     1564      39C      426       0
                text27                              D0E      D0E      42C      426       0
                text26                             2CA0     2CA0      108      426       0
                text25                             23C4     23C4      1B8      426       0
                text24                             337A     337A       AE      426       0
                text23                              84C      84C      4C2      426       0
                text22                             21AC     21AC      218      426       0
                text21                             382E     382E        4      426       0
                text20                             2DA8     2DA8      106      426       0
                text19                             36C2     36C2       48      426       0
                text18                             1900     1900      352      426       0
                text17                             377A     377A       28      426       0
                text16                             374C     374C       2E      426       0
                text15                             367A     367A       48      426       0
                text14                             2A20     2A20      14E      426       0
                text13                             2730     2730      18A      426       0
                text12                             28BA     28BA      166      426       0
                text11                             370A     370A       42      426       0
                text10                             3832     3832        2      426       0
                text9                              309C     309C       CC      426       0
                text8                              3632     3632       48      426       0
                text7                              321A     321A       B0      426       0
                text6                              1C52     1C52      2BA      426       0
                text5                              1F0C     1F0C      2A0      426       0
                text4                              35E0     35E0       52      426       0
                text3                              358E     358E       52      426       0
                text2                              37E8     37E8       18      426       0
                text1                              382A     382A        4      426       0
                text0                              2FB4     2FB4       E8      426       0
                cstackCOMRAM                          1        1       39        1       1
                cstackBANK0                          60       60       76       60       1
                bssBANK1                            100      100       20      100       1
                dataBANK0                            F7       F7        6       60       1
                bssBANK0                             D6       D6       21       60       1
                dataCOMRAM                           3A       3A       20        1       1
                bssCOMRAM                            5A       5A        3        1       1
                cinit                              3522     3522       6C      426       0
                idataBANK0                         3824     3824        6      426       0
                idataCOMRAM                        37C8     37C8       20      426       0

TOTAL           Name                               Link     Load   Length     Space
        CLASS   CODE           
                intcode                               8        8        6         0
                init                                  E        E        4         0
                reset_vec                             0        0        4         0
                text39                             113A     113A      42A         0
                text38                             2EAE     2EAE      106         0
                text37                             37A2     37A2       26         0
                text36                             257C     257C      1B4         0
                intcode_body                       3168     3168       B2         0
                text34                             2B6E     2B6E      132         0
                text33                             32CA     32CA       B0         0
                text32                             3812     3812       12         0
                text31                             3800     3800       12         0
                text30                             3428     3428       8A         0
                text29                             34B2     34B2       70         0
                text28                             1564     1564      39C         0
                text27                              D0E      D0E      42C         0
                text26                             2CA0     2CA0      108         0
                text25                             23C4     23C4      1B8         0
                text24                             337A     337A       AE         0
                text23                              84C      84C      4C2         0
                text22                             21AC     21AC      218         0
                text21                             382E     382E        4         0
                text20                             2DA8     2DA8      106         0
                text19                             36C2     36C2       48         0
                text18                             1900     1900      352         0
                text17                             377A     377A       28         0
                text16                             374C     374C       2E         0
                text15                             367A     367A       48         0
                text14                             2A20     2A20      14E         0
                text13                             2730     2730      18A         0
                text12                             28BA     28BA      166         0
                text11                             370A     370A       42         0
                text10                             3832     3832        2         0
                text9                              309C     309C       CC         0
                text8                              3632     3632       48         0
                text7                              321A     321A       B0         0
                text6                              1C52     1C52      2BA         0
                text5                              1F0C     1F0C      2A0         0
                text4                              35E0     35E0       52         0
                text3                              358E     358E       52         0
                text2                              37E8     37E8       18         0
                text1                              382A     382A        4         0
                text0                              2FB4     2FB4       E8         0
                cinit                              3522     3522       6C         0
                idataBANK0                         3824     3824        6         0
                idataCOMRAM                        37C8     37C8       20         0

        CLASS   CONST          

        CLASS   SMALLCONST     
                smallconst                          800      800       4C         0

        CLASS   MEDIUMCONST    

        CLASS   COMRAM         
                temp                                 5D       5D        1         1
                cstackCOMRAM                          1        1       39         1
                dataCOMRAM                           3A       3A       20         1
                bssCOMRAM                            5A       5A        3         1

        CLASS   ABS1           

        CLASS   BIGRAM         

        CLASS   RAM            

        CLASS   BANK0          
                cstackBANK0                          60       60       76         1
                dataBANK0                            F7       F7        6         1
                bssBANK0                             D6       D6       21         1

        CLASS   BANK1          
                bssBANK1                            100      100       20         1

        CLASS   BANK2          

        CLASS   BANK3          

        CLASS   BANK4          

        CLASS   BANK5          

        CLASS   BANK6          

        CLASS   BANK7          

        CLASS   SFR            

        CLASS   BIGSFR         

        CLASS   CONFIG         
                config                           300000   300000        E         4

        CLASS   IDLOC          
                idloc                            200000   200000        8         5

        CLASS   EEDATA         

        CLASS   FARRAM         

        CLASS   HEAP           

        CLASS   STACK          



SEGMENTS        Name                           Load    Length   Top    Selector   Space  Class

                reset_vec                      000000  000004  000004         0       0  CODE    
                cstackCOMRAM                   000001  00005D  00005E         1       1  COMRAM  
                intcode                        000008  00000A  000012         4       0  CODE    
                cstackBANK0                    000060  00009D  0000FD        60       1  BANK0   
                bssBANK1                       000100  000020  000120       100       1  BANK1   
                smallconst                     000800  00004C  00084C       400       0  SMALLCON
                text23                         00084C  002FE8  003834       426       0  CODE    


UNUSED ADDRESS RANGES

        Name                Unused          Largest block    Delta
        BANK0            0000FD-0000FF                3
        BANK1            000120-0001FF               E0
        BANK2            000200-0002FF              100
        BANK3            000300-0003FF              100
        BANK4            000400-0004FF              100
        BANK5            000500-0005FF              100
        BANK6            000600-0006FF              100
        BANK7            000700-0007FF              100
        BIGRAM           00005E-00005F                2
                         0000FD-0000FF                3
                         000120-0007FF              6E0
        BIGSFR           000F60-000FFF               A0
        CODE             000004-000007                4
                         000012-0007FF              7EE
                         003834-007FFF             47CC
        COMRAM           00005E-00005F                2
        CONST            000004-000007                4
                         000012-0007FF              7EE
                         003834-007FFF             47CC
        EEDATA           F00000-F000FF              100
        MEDIUMCONST      003834-007FFF             47CC
        RAM              0000FD-0000FF                3
                         000120-0007FF              100
        SFR              000F60-000FFF               A0
        SMALLCONST       003834-007FFF              100

                                  Symbol Table

?___aodiv                cstackBANK0  000060
?___aomod                cstackBANK0  000060
?___fladd                cstackBANK0  0000A0
?___fldiv                cstackBANK0  00006E
?___flmul                cstackBANK0  000087
?___flsub                cstackBANK0  0000B0
?___fltol                cstackBANK0  0000B0
?___wmul                 cstackBANK0  000060
?___xxtofl               cstackBANK0  000060
?_abs                    cstackBANK0  000072
?_atoi                   cstackBANK0  000066
?_isdigit                cstackBANK0  000060
?_isspace                cstackBANK0  000060
?_pid                    cstackBANK0  0000B8
?_sprintf                cstackBANK0  0000BB
?_vfprintf               cstackBANK0  0000B3
?i2___flmul              cstackCOMRAM 000015
?i2___fltol              cstackCOMRAM 00002E
?i2___wmul               cstackCOMRAM 000001
?i2___xxtofl             cstackCOMRAM 000007
LCD_Chr_Cp@letra         cstackBANK0  000063
LCD_Cmd@cmd              cstackBANK0  000063
LCD_Out@column           cstackBANK0  000068
LCD_Out@row              cstackBANK0  00006B
LCD_Out@text             cstackBANK0  000069
LCD_XY@column            cstackBANK0  000064
LCD_XY@row               cstackBANK0  000067
PWM_Duty@ciclo_t         cstackBANK0  0000BA
PWM_Duty@nuevoCiclo      cstackBANK0  0000C0
PWM_Init@Tosc            cstackBANK0  0000C7
PWM_Init@Tpwm            cstackBANK0  0000C3
PWM_Init@f_trabajo       cstackBANK0  0000BA
PWM_Init@pre_config      cstackBANK0  0000BC
PWM_Init@press           cstackBANK0  0000CB
_ADCON1                  (abs)        000FC1
_CCP1CONbits             (abs)        000FBD
_CCPR1L                  (abs)        000FBE
_INTCON2bits             (abs)        000FF1
_INTCONbits              (abs)        000FF2
_INTERRUPTS              intcode      000008
_LATDbits                (abs)        000F8C
_LCD_Chr_Cp              text32       003812
_LCD_Cmd                 text31       003800
_LCD_Init                text33       0032CA
_LCD_Out                 text29       0034B2
_LCD_XY                  text30       003428
_PR2                     (abs)        000FCB
_PV_RPM                  bssBANK0     0000F2
_PWM_Duty                text24       00337A
_PWM_Init                text22       0021AC
_PWM_Init$1356           cstackBANK0  0000BF
_PWM_Start               text21       00382E
_T0CONbits               (abs)        000FD5
_T2CON                   (abs)        000FCA
_T2CONbits               (abs)        000FCA
_TMR0H                   (abs)        000FD7
_TMR0IE                  (abs)        007F95
_TMR0IF                  (abs)        007F92
_TMR0L                   (abs)        000FD6
_TMR2                    (abs)        000FCC
_TRISB                   (abs)        000F93
_TRISCbits               (abs)        000F94
_TRISDbits               (abs)        000F95
__HRAM                   (abs)        000000
__Habs1                  abs1         000000
__Hbank0                 bank0        000000
__Hbank1                 bank1        000000
__Hbank2                 bank2        000000
__Hbank3                 bank3        000000
__Hbank4                 bank4        000000
__Hbank5                 bank5        000000
__Hbank6                 bank6        000000
__Hbank7                 bank7        000000
__Hbigbss                bigbss       000000
__Hbigdata               bigdata      000000
__Hbigram                bigram       000000
__Hbigsfr                bigsfr       000000
__Hbss                   bss          000000
__HbssBANK0              bssBANK0     000000
__HbssBANK1              bssBANK1     000000
__HbssCOMRAM             bssCOMRAM    000000
__Hcinit                 cinit        000000
__Hclrtext               clrtext      000000
__Hcomram                comram       000000
__Hconfig                config       30000E
__Hconst                 const        000000
__HcstackBANK0           cstackBANK0  000000
__HcstackCOMRAM          cstackCOMRAM 000000
__Hdata                  data         000000
__HdataBANK0             dataBANK0    000000
__HdataCOMRAM            dataCOMRAM   000000
__Heeprom_data           eeprom_data  000000
__Hfarbss                farbss       000000
__Hfardata               fardata      000000
__Hheap                  heap         000000
__Hibigdata              ibigdata     000000
__Hidata                 idata        000000
__HidataBANK0            idataBANK0   000000
__HidataCOMRAM           idataCOMRAM  000000
__Hidloc                 idloc        200008
__Hifardata              ifardata     000000
__Hinit                  init         000012
__Hintcode               intcode      00000E
__Hintcode_body          intcode_body 000000
__Hintcodelo             intcodelo    00000E
__Hintentry              intentry     000000
__Hintret                intret       000000
__Hintsave_regs          intsave_regs 000000
__Hirdata                irdata       000000
__Hmediumconst           mediumconst  000000
__HnvFARRAM              nvFARRAM     000000
__Hnvbit                 nvbit        000000
__Hnvrram                nvrram       000000
__Hparam                 rparam       000000
__Hpowerup               powerup      00000E
__Hram                   ram          000000
__Hramtop                ramtop       000800
__Hrbit                  rbit         000000
__Hrbss                  rbss         000000
__Hrdata                 rdata        000000
__Hreset_vec             reset_vec    000004
__Hrparam                rparam       000000
__Hsfr                   sfr          000000
__Hsmallconst            smallconst   00084C
__Hspace_0               (abs)        003834
__Hspace_1               (abs)        000120
__Hspace_2               (abs)        000000
__Hspace_4               (abs)        60000E
__Hstack                 stack        000000
__Hstruct                struct       000000
__Htemp                  temp         00005E
__Htext                  text         000000
__Htext0                 text0        000000
__Htext1                 text1        000000
__Htext10                text10       000000
__Htext11                text11       000000
__Htext12                text12       000000
__Htext13                text13       000000
__Htext14                text14       000000
__Htext15                text15       000000
__Htext16                text16       000000
__Htext17                text17       000000
__Htext18                text18       000000
__Htext19                text19       000000
__Htext2                 text2        000000
__Htext20                text20       000000
__Htext21                text21       000000
__Htext22                text22       000000
__Htext23                text23       000000
__Htext24                text24       000000
__Htext25                text25       000000
__Htext26                text26       000000
__Htext27                text27       000000
__Htext28                text28       000000
__Htext29                text29       000000
__Htext3                 text3        000000
__Htext30                text30       000000
__Htext31                text31       000000
__Htext32                text32       000000
__Htext33                text33       000000
__Htext34                text34       000000
__Htext36                text36       000000
__Htext37                text37       000000
__Htext38                text38       000000
__Htext39                text39       000000
__Htext4                 text4        000000
__Htext5                 text5        000000
__Htext6                 text6        000000
__Htext7                 text7        000000
__Htext8                 text8        000000
__Htext9                 text9        000000
__LRAM                   (abs)        000001
__Labs1                  abs1         000000
__Lbank0                 bank0        000000
__Lbank1                 bank1        000000
__Lbank2                 bank2        000000
__Lbank3                 bank3        000000
__Lbank4                 bank4        000000
__Lbank5                 bank5        000000
__Lbank6                 bank6        000000
__Lbank7                 bank7        000000
__Lbigbss                bigbss       000000
__Lbigdata               bigdata      000000
__Lbigram                bigram       000000
__Lbigsfr                bigsfr       000000
__Lbss                   bss          000000
__LbssBANK0              bssBANK0     000000
__LbssBANK1              bssBANK1     000000
__LbssCOMRAM             bssCOMRAM    000000
__Lcinit                 cinit        000000
__Lclrtext               clrtext      000000
__Lcomram                comram       000000
__Lconfig                config       000000
__Lconst                 const        000000
__LcstackBANK0           cstackBANK0  000000
__LcstackCOMRAM          cstackCOMRAM 000000
__Ldata                  data         000000
__LdataBANK0             dataBANK0    000000
__LdataCOMRAM            dataCOMRAM   000000
__Leeprom_data           eeprom_data  000000
__Lfarbss                farbss       000000
__Lfardata               fardata      000000
__Lheap                  heap         000000
__Libigdata              ibigdata     000000
__Lidata                 idata        000000
__LidataBANK0            idataBANK0   000000
__LidataCOMRAM           idataCOMRAM  000000
__Lidloc                 idloc        000000
__Lifardata              ifardata     000000
__Linit                  init         00000E
__Lintcode               intcode      000008
__Lintcode_body          intcode_body 000000
__Lintcodelo             intcodelo    00000E
__Lintentry              intentry     000000
__Lintret                intret       000000
__Lintsave_regs          intsave_regs 000000
__Lirdata                irdata       000000
__Lmediumconst           mediumconst  000000
__LnvFARRAM              nvFARRAM     000000
__Lnvbit                 nvbit        000000
__Lnvrram                nvrram       000000
__Lparam                 rparam       000000
__Lpowerup               powerup      00000E
__Lram                   ram          000000
__Lramtop                ramtop       000800
__Lrbit                  rbit         000000
__Lrbss                  rbss         000000
__Lrdata                 rdata        000000
__Lreset_vec             reset_vec    000000
__Lrparam                rparam       000000
__Lsfr                   sfr          000000
__Lsmallconst            smallconst   000800
__Lspace_0               (abs)        000000
__Lspace_1               (abs)        000000
__Lspace_2               (abs)        000000
__Lspace_4               (abs)        000000
__Lstack                 stack        000000
__Lstruct                struct       000000
__Ltemp                  temp         00005D
__Ltext                  text         000000
__Ltext0                 text0        000000
__Ltext1                 text1        000000
__Ltext10                text10       000000
__Ltext11                text11       000000
__Ltext12                text12       000000
__Ltext13                text13       000000
__Ltext14                text14       000000
__Ltext15                text15       000000
__Ltext16                text16       000000
__Ltext17                text17       000000
__Ltext18                text18       000000
__Ltext19                text19       000000
__Ltext2                 text2        000000
__Ltext20                text20       000000
__Ltext21                text21       000000
__Ltext22                text22       000000
__Ltext23                text23       000000
__Ltext24                text24       000000
__Ltext25                text25       000000
__Ltext26                text26       000000
__Ltext27                text27       000000
__Ltext28                text28       000000
__Ltext29                text29       000000
__Ltext3                 text3        000000
__Ltext30                text30       000000
__Ltext31                text31       000000
__Ltext32                text32       000000
__Ltext33                text33       000000
__Ltext34                text34       000000
__Ltext36                text36       000000
__Ltext37                text37       000000
__Ltext38                text38       000000
__Ltext39                text39       000000
__Ltext4                 text4        000000
__Ltext5                 text5        000000
__Ltext6                 text6        000000
__Ltext7                 text7        000000
__Ltext8                 text8        000000
__Ltext9                 text9        000000
__S0                     (abs)        003834
__S1                     (abs)        000120
__S4                     (abs)        000000
__S5                     (abs)        000000
___aodiv                 text13       002730
___aodiv@counter         cstackBANK0  000070
___aodiv@dividend        cstackBANK0  000060
___aodiv@divisor         cstackBANK0  000068
___aodiv@quotient        cstackBANK0  000072
___aodiv@sign            cstackBANK0  000071
___aomod                 text12       0028BA
___aomod@counter         cstackBANK0  000070
___aomod@dividend        cstackBANK0  000060
___aomod@divisor         cstackBANK0  000068
___aomod@sign            cstackBANK0  000071
___fladd                 text23       00084C
___fladd@a               cstackBANK0  0000A4
___fladd@aexp            cstackBANK0  0000AD
___fladd@b               cstackBANK0  0000A0
___fladd@bexp            cstackBANK0  0000AE
___fladd@grs             cstackBANK0  0000AF
___fladd@signs           cstackBANK0  0000AC
___fldiv                 text28       001564
___fldiv@a               cstackBANK0  000072
___fldiv@aexp            cstackBANK0  000086
___fldiv@b               cstackBANK0  00006E
___fldiv@bexp            cstackBANK0  000085
___fldiv@grs             cstackBANK0  000081
___fldiv@new_exp         cstackBANK0  00007F
___fldiv@rem             cstackBANK0  00007A
___fldiv@sign            cstackBANK0  00007E
___flge                  text20       002DA8
___flge@ff1              cstackBANK0  000060
___flge@ff2              cstackBANK0  000064
___flmul                 text27       000D0E
___flmul@a               cstackBANK0  00008B
___flmul@aexp            cstackBANK0  000098
___flmul@b               cstackBANK0  000087
___flmul@bexp            cstackBANK0  000099
___flmul@grs             cstackBANK0  000094
___flmul@prod            cstackBANK0  00009A
___flmul@sign            cstackBANK0  000093
___flmul@temp            cstackBANK0  00009E
___flsub                 text19       0036C2
___flsub@a               cstackBANK0  0000B4
___flsub@b               cstackBANK0  0000B0
___fltol                 text26       002CA0
___fltol@exp1            cstackBANK0  0000B9
___fltol@f1              cstackBANK0  0000B0
___fltol@sign1           cstackBANK0  0000B8
___heap_hi               (abs)        000000
___heap_lo               (abs)        000000
___inthi_sp              stack        000000
___intlo_sp              stack        000000
___param_bank            (abs)        000000
___rparam_used           (abs)        000001
___sp                    stack        000000
___wmul                  text17       00377A
___wmul@multiplicand     cstackBANK0  000062
___wmul@multiplier       cstackBANK0  000060
___wmul@product          cstackBANK0  000064
___xxtofl                text25       0023C4
___xxtofl@arg            cstackBANK0  00006A
___xxtofl@exp            cstackBANK0  000069
___xxtofl@sign           cstackBANK0  000068
___xxtofl@val            cstackBANK0  000060
__accesstop              (abs)        000060
__activetblptr           (abs)        000002
__end_of_INTERRUPTS      intcode_body 00321A
__end_of_LCD_Chr_Cp      text32       003824
__end_of_LCD_Cmd         text31       003812
__end_of_LCD_Init        text33       00337A
__end_of_LCD_Out         text29       003522
__end_of_LCD_XY          text30       0034B2
__end_of_PWM_Duty        text24       003428
__end_of_PWM_Init        text22       0023C4
__end_of_PWM_Start       text21       003832
__end_of___aodiv         text13       0028BA
__end_of___aomod         text12       002A20
__end_of___fladd         text23       000D0E
__end_of___fldiv         text28       001900
__end_of___flge          text20       002EAE
__end_of___flmul         text27       00113A
__end_of___flsub         text19       00370A
__end_of___fltol         text26       002DA8
__end_of___wmul          text17       0037A2
__end_of___xxtofl        text25       00257C
__end_of__initialization cinit        003580
__end_of_abs             text11       00374C
__end_of_atoi            text14       002B6E
__end_of_dtoa            text6        001F0C
__end_of_enviar_dato     text34       002CA0
__end_of_fputc           text9        003168
__end_of_fputs           text8        00367A
__end_of_isdigit         text16       00377A
__end_of_isspace         text15       0036C2
__end_of_main            text0        00309C
__end_of_pad             text7        0032CA
__end_of_pid             text18       001C52
__end_of_putch           text10       003834
__end_of_sprintf         text3        0035E0
__end_of_tmr0_init       text2        003800
__end_of_tmr0_on         text1        00382E
__end_of_vfpfcnvrt       text5        0021AC
__end_of_vfprintf        text4        003632
__end_ofi2___flmul       text39       001564
__end_ofi2___fltol       text38       002FB4
__end_ofi2___wmul        text37       0037C8
__end_ofi2___xxtofl      text36       002730
__initialization         cinit        003522
__mediumconst            mediumconst  000000
__pbssBANK0              bssBANK0     0000D6
__pbssBANK1              bssBANK1     000100
__pbssCOMRAM             bssCOMRAM    00005A
__pcinit                 cinit        003522
__pcstackBANK0           cstackBANK0  000060
__pcstackCOMRAM          cstackCOMRAM 000001
__pdataBANK0             dataBANK0    0000F7
__pdataCOMRAM            dataCOMRAM   00003A
__pidataBANK0            idataBANK0   003824
__pidataCOMRAM           idataCOMRAM  0037C8
__pintcode               intcode      000008
__pintcode_body          intcode_body 003168
__psmallconst            smallconst   000800
__ptext0                 text0        002FB4
__ptext1                 text1        00382A
__ptext10                text10       003832
__ptext11                text11       00370A
__ptext12                text12       0028BA
__ptext13                text13       002730
__ptext14                text14       002A20
__ptext15                text15       00367A
__ptext16                text16       00374C
__ptext17                text17       00377A
__ptext18                text18       001900
__ptext19                text19       0036C2
__ptext2                 text2        0037E8
__ptext20                text20       002DA8
__ptext21                text21       00382E
__ptext22                text22       0021AC
__ptext23                text23       00084C
__ptext24                text24       00337A
__ptext25                text25       0023C4
__ptext26                text26       002CA0
__ptext27                text27       000D0E
__ptext28                text28       001564
__ptext29                text29       0034B2
__ptext3                 text3        00358E
__ptext30                text30       003428
__ptext31                text31       003800
__ptext32                text32       003812
__ptext33                text33       0032CA
__ptext34                text34       002B6E
__ptext36                text36       00257C
__ptext37                text37       0037A2
__ptext38                text38       002EAE
__ptext39                text39       00113A
__ptext4                 text4        0035E0
__ptext5                 text5        001F0C
__ptext6                 text6        001C52
__ptext7                 text7        00321A
__ptext8                 text8        003632
__ptext9                 text9        00309C
__ramtop                 ramtop       000800
__smallconst             smallconst   000800
_abs                     text11       00370A
_atoi                    text14       002A20
_aux                     dataCOMRAM   000046
_contador                bssCOMRAM    00005B
_cv                      bssBANK0     0000E6
_cv1                     bssBANK0     0000E2
_dbuf                    bssBANK1     000100
_dtoa                    text6        001C52
_dtoa$1055               cstackBANK0  00008D
_duty                    bssBANK0     0000EA
_enviar_dato             text34       002B6E
_error                   bssBANK0     0000DE
_error1                  bssBANK0     0000DA
_error2                  bssBANK0     0000D6
_factorDeConversion      dataCOMRAM   000042
_flagTimer0              bssCOMRAM    00005A
_flags                   bssBANK0     0000F6
_fputc                   text9        00309C
_fputs                   text8        003632
_isdigit                 text16       00374C
_isspace                 text15       00367A
_isspace$1104            cstackBANK0  000064
_kd                      dataCOMRAM   00003A
_ki                      dataCOMRAM   00003E
_kp                      dataBANK0    0000F7
_main                    text0        002FB4
_pad                     text7        00321A
_pid                     text18       001900
_pid$1354                cstackBANK0  0000CA
_pid$1355                cstackBANK0  0000CE
_pid$1415                cstackBANK0  0000BE
_pid$1416                cstackBANK0  0000C2
_pid$1417                cstackBANK0  0000C6
_prec                    bssBANK0     0000F0
_putch                   text10       003832
_reg10bits               bssBANK0     0000F4
_setpoint_rpm            dataBANK0    0000FB
_sprintf                 text3        00358E
_tmr0_init               text2        0037E8
_tmr0_on                 text1        00382A
_vfpfcnvrt               text5        001F0C
_vfprintf                text4        0035E0
_width                   bssBANK0     0000EE
abs@a                    cstackBANK0  000072
atoi@n                   cstackBANK0  00006D
atoi@neg                 cstackBANK0  00006B
atoi@s                   cstackBANK0  000066
btemp                    temp         00005D
dtoa@d                   cstackBANK0  00007D
dtoa@fp                  cstackBANK0  00007B
dtoa@i                   cstackBANK0  00009B
dtoa@n                   cstackBANK0  000093
dtoa@p                   cstackBANK0  00008F
dtoa@s                   cstackBANK0  00009D
dtoa@w                   cstackBANK0  000091
end_of_initialization    cinit        003580
enviar_dato@cmd          cstackBANK0  000062
fputc@c                  cstackBANK0  000060
fputc@fp                 cstackBANK0  000062
fputs@c                  cstackBANK0  00006D
fputs@fp                 cstackBANK0  00006B
fputs@i                  cstackBANK0  00006E
fputs@s                  cstackBANK0  000069
i2___flmul               text39       00113A
i2___flmul@a             cstackCOMRAM 000019
i2___flmul@aexp          cstackCOMRAM 000026
i2___flmul@b             cstackCOMRAM 000015
i2___flmul@bexp          cstackCOMRAM 000027
i2___flmul@grs           cstackCOMRAM 000022
i2___flmul@prod          cstackCOMRAM 000028
i2___flmul@sign          cstackCOMRAM 000021
i2___flmul@temp          cstackCOMRAM 00002C
i2___fltol               text38       002EAE
i2___fltol@exp1          cstackCOMRAM 000037
i2___fltol@f1            cstackCOMRAM 00002E
i2___fltol@sign1         cstackCOMRAM 000036
i2___wmul                text37       0037A2
i2___wmul@multiplicand   cstackCOMRAM 000003
i2___wmul@multiplier     cstackCOMRAM 000001
i2___wmul@product        cstackCOMRAM 000005
i2___xxtofl              text36       00257C
i2___xxtofl@arg          cstackCOMRAM 000011
i2___xxtofl@exp          cstackCOMRAM 000010
i2___xxtofl@sign         cstackCOMRAM 00000F
i2___xxtofl@val          cstackCOMRAM 000007
int$flags                temp         00005D
int_func                 intcode_body 003168
intlevel0                text         000000
intlevel1                text         000000
intlevel2                text         000000
intlevel3                text         000000
isa$std                  (abs)        000001
isa$xinst                (abs)        000000
isdigit@c                cstackBANK0  000060
isspace@c                cstackBANK0  000060
pad@buf                  cstackBANK0  000072
pad@fp                   cstackBANK0  000070
pad@i                    cstackBANK0  000077
pad@p                    cstackBANK0  000074
pad@w                    cstackBANK0  000079
pid@Tm                   cstackBANK0  0000D2
pid@velocidad            cstackBANK0  0000B8
sprintf@ap               cstackBANK0  0000C1
sprintf@f                cstackBANK0  0000C3
sprintf@fmt              cstackBANK0  0000BD
sprintf@s                cstackBANK0  0000BB
stackhi                  (abs)        000000
stacklo                  (abs)        000000
start                    init         00000E
start_initialization     cinit        003522
ttemp5                   temp         00005E
ttemp6                   temp         000061
ttemp7                   temp         000065
vfpfcnvrt@ap             cstackBANK0  0000A2
vfpfcnvrt@convarg        cstackBANK0  0000A7
vfpfcnvrt@cp             cstackBANK0  0000B1
vfpfcnvrt@done           cstackBANK0  0000AF
vfpfcnvrt@fmt            cstackBANK0  0000A0
vfpfcnvrt@fp             cstackBANK0  00009E
vfprintf@ap              cstackBANK0  0000B7
vfprintf@cfmt            cstackBANK0  0000B9
vfprintf@fmt             cstackBANK0  0000B5
vfprintf@fp              cstackBANK0  0000B3
wtemp8                   temp         00005E


MODULE INFORMATION

Module		Function		Class		Link	Load	Size
C:\Program Files\Microchip\xc8\v2.40\pic\sources\c99\common\sprcmul.c
		___flmul       		CODE           	0D0E	0000	1068

C:\Program Files\Microchip\xc8\v2.40\pic\sources\c99\common\sprcmul.c estimated size: 1068

C:\Program Files\Microchip\xc8\v2.40\pic\sources\c99\common\nf_fputc.c
		_fputc         		CODE           	309C	0000	204

C:\Program Files\Microchip\xc8\v2.40\pic\sources\c99\common\nf_fputc.c estimated size: 204

LIBRERIA_LCD.c
		_LCD_Init      		CODE           	32CA	0000	176
		_LCD_Out       		CODE           	34B2	0000	112
		_LCD_Chr_Cp    		CODE           	3812	0000	18
		_LCD_XY        		CODE           	3428	0000	138
		_LCD_Cmd       		CODE           	3800	0000	18
		_enviar_dato   		CODE           	2B6E	0000	306

LIBRERIA_LCD.c estimated size: 768

C:\Program Files\Microchip\xc8\v2.40\pic\sources\c99\common\sprcdiv.c
		___fldiv       		CODE           	1564	0000	924

C:\Program Files\Microchip\xc8\v2.40\pic\sources\c99\common\sprcdiv.c estimated size: 924

C:\Program Files\Microchip\xc8\v2.40\pic\sources\c99\common\nf_sprintf.c
		_sprintf       		CODE           	358E	0000	82

C:\Program Files\Microchip\xc8\v2.40\pic\sources\c99\common\nf_sprintf.c estimated size: 82

C:\Program Files\Microchip\xc8\v2.40\pic\sources\c99\common\fltol.c
		___fltol       		CODE           	2CA0	0000	264

C:\Program Files\Microchip\xc8\v2.40\pic\sources\c99\common\fltol.c estimated size: 264

C:\Program Files\Microchip\xc8\v2.40\pic\sources\c99\common\isspace.c
		_isspace       		CODE           	367A	0000	72

C:\Program Files\Microchip\xc8\v2.40\pic\sources\c99\common\isspace.c estimated size: 72

C:\Program Files\Microchip\xc8\v2.40\pic\sources\c99\common\atoi.c
		_atoi          		CODE           	2A20	0000	334

C:\Program Files\Microchip\xc8\v2.40\pic\sources\c99\common\atoi.c estimated size: 334

C:\Program Files\Microchip\xc8\v2.40\pic\sources\c99\common\Umul16.c
		___wmul        		CODE           	377A	0000	40

C:\Program Files\Microchip\xc8\v2.40\pic\sources\c99\common\Umul16.c estimated size: 40

PWM_LIB.c
		_PWM_Duty      		CODE           	337A	0000	174
		_PWM_Start     		CODE           	382E	0000	4
		_PWM_Init      		CODE           	21AC	0000	536

PWM_LIB.c estimated size: 714

C:\Program Files\Microchip\xc8\v2.40\pic\sources\c99\common\abs.c
		_abs           		CODE           	370A	0000	66

C:\Program Files\Microchip\xc8\v2.40\pic\sources\c99\common\abs.c estimated size: 66

C:\Program Files\Microchip\xc8\v2.40\pic\sources\c99\common\isdigit.c
		_isdigit       		CODE           	374C	0000	46

C:\Program Files\Microchip\xc8\v2.40\pic\sources\c99\common\isdigit.c estimated size: 46

C:\Program Files\Microchip\xc8\v2.40\pic\sources\c99\common\sprcadd.c
		___flsub       		CODE           	36C2	0000	72
		___fladd       		CODE           	084C	0000	1218

C:\Program Files\Microchip\xc8\v2.40\pic\sources\c99\common\sprcadd.c estimated size: 1290

C:\Program Files\Microchip\xc8\v2.40\pic\sources\c99\common\xxtofl.c
		___xxtofl      		CODE           	23C4	0000	440

C:\Program Files\Microchip\xc8\v2.40\pic\sources\c99\common\xxtofl.c estimated size: 440

C:\Program Files\Microchip\xc8\v2.40\pic\sources\c99\common\nf_fputs.c
		_fputs         		CODE           	3632	0000	72

C:\Program Files\Microchip\xc8\v2.40\pic\sources\c99\common\nf_fputs.c estimated size: 72

C:\Program Files\Microchip\xc8\v2.40\pic\sources\c99\common\aomod.c
		___aomod       		CODE           	28BA	0000	358

C:\Program Files\Microchip\xc8\v2.40\pic\sources\c99\common\aomod.c estimated size: 358

shared
		i2___wmul      		CODE           	37A2	0000	38
		i2___fltol     		CODE           	2EAE	0000	262
		__initialization		CODE           	3522	0000	94
		i2___flmul     		CODE           	113A	0000	1066
		i2___xxtofl    		CODE           	257C	0000	436

shared estimated size: 1896

C:\Program Files\Microchip\xc8\v2.40\pic\sources\c99\common\flge.c
		___flge        		CODE           	2DA8	0000	262

C:\Program Files\Microchip\xc8\v2.40\pic\sources\c99\common\flge.c estimated size: 262

C:\Program Files\Microchip\xc8\v2.40\pic\sources\c99\common\putch.c
		_putch         		CODE           	3832	0000	2

C:\Program Files\Microchip\xc8\v2.40\pic\sources\c99\common\putch.c estimated size: 2

C:\Program Files\Microchip\xc8\v2.40\pic\sources\c99\common\doprnt.c
		_vfpfcnvrt     		CODE           	1F0C	0000	672
		_pad           		CODE           	321A	0000	176
		_dtoa          		CODE           	1C52	0000	698
		_vfprintf      		CODE           	35E0	0000	82

C:\Program Files\Microchip\xc8\v2.40\pic\sources\c99\common\doprnt.c estimated size: 1628

main.c
		_main          		CODE           	2FB4	0000	232
		_pid           		CODE           	1900	0000	850
		_tmr0_init     		CODE           	37E8	0000	24
		_INTERRUPTS    		CODE           	0008	0000	184
		_tmr0_on       		CODE           	382A	0000	4

main.c estimated size: 1294

C:\Program Files\Microchip\xc8\v2.40\pic\sources\c99\common\aodiv.c
		___aodiv       		CODE           	2730	0000	394

C:\Program Files\Microchip\xc8\v2.40\pic\sources\c99\common\aodiv.c estimated size: 394

